Component: ARM Compiler 5.06 update 7 (build 960) Tool: armlink [4d3601]

==============================================================================

Section Cross References

    startup_stm32l010xb.o(RESET) refers to startup_stm32l010xb.o(STACK) for __initial_sp
    startup_stm32l010xb.o(RESET) refers to startup_stm32l010xb.o(.text) for Reset_Handler
    startup_stm32l010xb.o(RESET) refers to stm32l0xx_it.o(i.NMI_Handler) for NMI_Handler
    startup_stm32l010xb.o(RESET) refers to stm32l0xx_it.o(i.HardFault_Handler) for HardFault_Handler
    startup_stm32l010xb.o(RESET) refers to stm32l0xx_it.o(i.SVC_Handler) for SVC_Handler
    startup_stm32l010xb.o(RESET) refers to stm32l0xx_it.o(i.PendSV_Handler) for PendSV_Handler
    startup_stm32l010xb.o(RESET) refers to stm32l0xx_it.o(i.SysTick_Handler) for SysTick_Handler
    startup_stm32l010xb.o(.text) refers to startup_stm32l010xb.o(STACK) for __initial_sp
    startup_stm32l010xb.o(.text) refers to system_stm32l0xx.o(i.SystemInit) for SystemInit
    startup_stm32l010xb.o(.text) refers to entry.o(.ARM.Collect$$$$00000000) for __main
    main.o(i.SystemClock_Config) refers to memseta.o(.text) for __aeabi_memclr4
    main.o(i.SystemClock_Config) refers to stm32l0xx_hal_rcc.o(i.HAL_RCC_OscConfig) for HAL_RCC_OscConfig
    main.o(i.SystemClock_Config) refers to stm32l0xx_hal_rcc.o(i.HAL_RCC_ClockConfig) for HAL_RCC_ClockConfig
    main.o(i.SystemClock_Config) refers to stm32l0xx_hal_rcc_ex.o(i.HAL_RCCEx_PeriphCLKConfig) for HAL_RCCEx_PeriphCLKConfig
    main.o(i.bus_read) refers to stm32l0xx_hal_i2c.o(i.HAL_I2C_Mem_Read) for HAL_I2C_Mem_Read
    main.o(i.bus_read) refers to i2c.o(.bss) for hi2c1
    main.o(i.bus_write) refers to stm32l0xx_hal_i2c.o(i.HAL_I2C_Mem_Write) for HAL_I2C_Mem_Write
    main.o(i.bus_write) refers to i2c.o(.bss) for hi2c1
    main.o(i.config_load) refers to memcpya.o(.text) for __aeabi_memcpy
    main.o(i.config_load) refers to bsec_selectivity.o(.constdata) for bsec_config_selectivity
    main.o(i.debug_print) refers to memseta.o(.text) for __aeabi_memclr4
    main.o(i.debug_print) refers to printfa.o(i.__0vsprintf) for vsprintf
    main.o(i.debug_print) refers to strlen.o(.text) for strlen
    main.o(i.debug_print) refers to stm32l0xx_hal_uart.o(i.HAL_UART_Transmit) for HAL_UART_Transmit
    main.o(i.debug_print) refers to usart.o(.bss) for huart2
    main.o(i.get_timestamp_us) refers to stm32l0xx_hal.o(i.HAL_GetTick) for HAL_GetTick
    main.o(i.get_timestamp_us) refers to main.o(i.__ARM_common_ll_muluu) for __ARM_common_ll_muluu
    main.o(i.get_timestamp_us) refers to main.o(.data) for .data
    main.o(i.main) refers to stm32l0xx_hal.o(i.HAL_Init) for HAL_Init
    main.o(i.main) refers to main.o(i.SystemClock_Config) for SystemClock_Config
    main.o(i.main) refers to gpio.o(i.MX_GPIO_Init) for MX_GPIO_Init
    main.o(i.main) refers to i2c.o(i.MX_I2C1_Init) for MX_I2C1_Init
    main.o(i.main) refers to usart.o(i.MX_USART2_UART_Init) for MX_USART2_UART_Init
    main.o(i.main) refers to stm32l0xx_hal.o(i.HAL_Delay) for HAL_Delay
    main.o(i.main) refers to main.o(i.debug_print) for debug_print
    main.o(i.main) refers to memseta.o(.text) for __aeabi_memclr4
    main.o(i.main) refers to bsec_integration.o(i.allocateMemory) for allocateMemory
    main.o(i.main) refers to memcpya.o(.text) for __aeabi_memcpy4
    main.o(i.main) refers to bsec_integration.o(i.bsec_iot_init) for bsec_iot_init
    main.o(i.main) refers to bsec_interface_multi.o(i.bsec_get_version_m) for bsec_get_version_m
    main.o(i.main) refers to bsec_integration.o(i.bsec_iot_loop) for bsec_iot_loop
    main.o(i.main) refers to main.o(i.bus_write) for bus_write
    main.o(i.main) refers to main.o(i.bus_read) for bus_read
    main.o(i.main) refers to main.o(i.sleep_n) for sleep_n
    main.o(i.main) refers to main.o(.bss) for .bss
    main.o(i.main) refers to main.o(i.config_load) for config_load
    main.o(i.main) refers to main.o(i.state_load) for state_load
    main.o(i.main) refers to main.o(.data) for .data
    main.o(i.main) refers to main.o(.conststring) for .conststring
    main.o(i.main) refers to main.o(i.state_save) for state_save
    main.o(i.main) refers to main.o(i.output_ready) for output_ready
    main.o(i.main) refers to main.o(i.get_timestamp_us) for get_timestamp_us
    main.o(i.output_ready) refers to dfltl.o(.text) for __aeabi_l2d
    main.o(i.output_ready) refers to ddiv.o(.text) for __aeabi_ddiv
    main.o(i.output_ready) refers to d2f.o(.text) for __aeabi_d2f
    main.o(i.output_ready) refers to main.o(i.debug_print) for debug_print
    main.o(i.output_ready) refers to ffixi.o(.text) for __aeabi_f2iz
    main.o(i.output_ready) refers to f2d.o(.text) for __aeabi_f2d
    main.o(i.sleep_n) refers to uidiv.o(.text) for __aeabi_uidivmod
    main.o(i.sleep_n) refers to stm32l0xx_hal.o(i.HAL_Delay) for HAL_Delay
    i2c.o(i.HAL_I2C_MspDeInit) refers to stm32l0xx_hal_gpio.o(i.HAL_GPIO_DeInit) for HAL_GPIO_DeInit
[...]
    __aeabi_cfcmpeq                          0x08000a65   Thumb Code     0  cfcmple.o(.text)
    __aeabi_cfcmple                          0x08000a65   Thumb Code    20  cfcmple.o(.text)
    __aeabi_cfrcmple                         0x08000a79   Thumb Code    20  cfrcmple.o(.text)
    __aeabi_llsl                             0x08000a8d   Thumb Code    32  llshl.o(.text)
    _ll_shift_l                              0x08000a8d   Thumb Code     0  llshl.o(.text)
    __aeabi_llsr                             0x08000aad   Thumb Code    34  llushr.o(.text)
    _ll_ushift_r                             0x08000aad   Thumb Code     0  llushr.o(.text)
    __aeabi_lasr                             0x08000acf   Thumb Code    38  llsshr.o(.text)
    _ll_sshift_r                             0x08000acf   Thumb Code     0  llsshr.o(.text)
    __I$use$fp                               0x08000af5   Thumb Code     0  iusefp.o(.text)
    _float_round                             0x08000af5   Thumb Code    16  fepilogue.o(.text)
    _float_epilogue                          0x08000b05   Thumb Code   114  fepilogue.o(.text)
    _fsqrt                                   0x08000b77   Thumb Code    88  fsqrt.o(.text)
    _frnd                                    0x08000bcf   Thumb Code    62  frnd.o(.text)
    _double_round                            0x08000c0d   Thumb Code    26  depilogue.o(.text)
    _double_epilogue                         0x08000c27   Thumb Code   164  depilogue.o(.text)
    _drnd                                    0x08000ccd   Thumb Code   114  drnd.o(.text)
    _drem                                    0x08000d49   Thumb Code   130  drem.o(.text)
    __aeabi_d2ulz                            0x08000dcd   Thumb Code    54  dfixul.o(.text)
    _ffix_r                                  0x08000e0d   Thumb Code    76  ffixir.o(.text)
    __ARM_fcmp4                              0x08000e59   Thumb Code    48  fcmp4.o(.text)
    _fcmp4                                   0x08000e59   Thumb Code     0  fcmp4.o(.text)
    __fp_status                              0x08000e91   Thumb Code     4  fpstat.o(.text)
    __ieee_status                            0x08000e91   Thumb Code     0  fpstat.o(.text)
    __scatterload                            0x08000e95   Thumb Code    28  init.o(.text)
    __scatterload_rt2                        0x08000e95   Thumb Code     0  init.o(.text)
    Error_Handler                            0x08000eb9   Thumb Code     4  main.o(i.Error_Handler)
    __I$use$semihosting$fputc                0x08000eb9   Thumb Code     0  iusesemip.o(.text)
    __semihosting_library_function           0x08000eb9   Thumb Code     0  semi.o(.text)
    HAL_Delay                                0x08000ebd   Thumb Code    32  stm32l0xx_hal.o(i.HAL_Delay)
    HAL_GPIO_Init                            0x08000ee1   Thumb Code   412  stm32l0xx_hal_gpio.o(i.HAL_GPIO_Init)
    HAL_GetTick                              0x0800109d   Thumb Code     6  stm32l0xx_hal.o(i.HAL_GetTick)
    HAL_I2CEx_ConfigAnalogFilter             0x080010a9   Thumb Code    74  stm32l0xx_hal_i2c_ex.o(i.HAL_I2CEx_ConfigAnalogFilter)
    HAL_I2CEx_ConfigDigitalFilter            0x080010f3   Thumb Code    72  stm32l0xx_hal_i2c_ex.o(i.HAL_I2CEx_ConfigDigitalFilter)
    HAL_I2C_Init                             0x0800113d   Thumb Code   176  stm32l0xx_hal_i2c.o(i.HAL_I2C_Init)
    HAL_I2C_Mem_Read                         0x080011f1   Thumb Code   332  stm32l0xx_hal_i2c.o(i.HAL_I2C_Mem_Read)
    HAL_I2C_Mem_Write                        0x08001345   Thumb Code   326  stm32l0xx_hal_i2c.o(i.HAL_I2C_Mem_Write)
    HAL_I2C_MspInit                          0x08001491   Thumb Code    84  i2c.o(i.HAL_I2C_MspInit)
    HAL_IncTick                              0x080014ed   Thumb Code    12  stm32l0xx_hal.o(i.HAL_IncTick)
    HAL_Init                                 0x080014fd   Thumb Code    36  stm32l0xx_hal.o(i.HAL_Init)
    HAL_InitTick                             0x08001525   Thumb Code    58  stm32l0xx_hal.o(i.HAL_InitTick)
    HAL_MspInit                              0x08001569   Thumb Code    20  stm32l0xx_hal_msp.o(i.HAL_MspInit)
    HAL_NVIC_SetPriority                     0x08001581   Thumb Code     8  stm32l0xx_hal_cortex.o(i.HAL_NVIC_SetPriority)
    HAL_RCCEx_PeriphCLKConfig                0x08001589   Thumb Code   330  stm32l0xx_hal_rcc_ex.o(i.HAL_RCCEx_PeriphCLKConfig)
    HAL_RCC_ClockConfig                      0x080016e1   Thumb Code   386  stm32l0xx_hal_rcc.o(i.HAL_RCC_ClockConfig)
    HAL_RCC_GetPCLK1Freq                     0x0800187d   Thumb Code    20  stm32l0xx_hal_rcc.o(i.HAL_RCC_GetPCLK1Freq)
    HAL_RCC_GetPCLK2Freq                     0x0800189d   Thumb Code    20  stm32l0xx_hal_rcc.o(i.HAL_RCC_GetPCLK2Freq)
    HAL_RCC_GetSysClockFreq                  0x080018bd   Thumb Code   108  stm32l0xx_hal_rcc.o(i.HAL_RCC_GetSysClockFreq)
    HAL_RCC_OscConfig                        0x08001935   Thumb Code  1074  stm32l0xx_hal_rcc.o(i.HAL_RCC_OscConfig)
    HAL_SYSTICK_Config                       0x08001d69   Thumb Code    38  stm32l0xx_hal_cortex.o(i.HAL_SYSTICK_Config)
    HAL_UART_Init                            0x08001d99   Thumb Code   106  stm32l0xx_hal_uart.o(i.HAL_UART_Init)
    HAL_UART_MspInit                         0x08001e05   Thumb Code    82  usart.o(i.HAL_UART_MspInit)
    HAL_UART_Transmit                        0x08001e61   Thumb Code   192  stm32l0xx_hal_uart.o(i.HAL_UART_Transmit)
    HardFault_Handler                        0x08001f21   Thumb Code     2  stm32l0xx_it.o(i.HardFault_Handler)
    MX_GPIO_Init                             0x08002255   Thumb Code    20  gpio.o(i.MX_GPIO_Init)
    MX_I2C1_Init                             0x0800226d   Thumb Code    76  i2c.o(i.MX_I2C1_Init)
    MX_USART2_UART_Init                      0x080022c5   Thumb Code    48  usart.o(i.MX_USART2_UART_Init)
    NMI_Handler                              0x080022fd   Thumb Code     2  stm32l0xx_it.o(i.NMI_Handler)
    PendSV_Handler                           0x080022ff   Thumb Code     2  stm32l0xx_it.o(i.PendSV_Handler)
    SVC_Handler                              0x08002301   Thumb Code     2  stm32l0xx_it.o(i.SVC_Handler)
    SysTick_Handler                          0x08002303   Thumb Code     8  stm32l0xx_it.o(i.SysTick_Handler)
    SystemClock_Config                       0x0800230d   Thumb Code   138  main.o(i.SystemClock_Config)
    SystemInit                               0x0800239d   Thumb Code     2  system_stm32l0xx.o(i.SystemInit)
    UART_AdvFeatureConfig                    0x0800239f   Thumb Code   202  stm32l0xx_hal_uart.o(i.UART_AdvFeatureConfig)
    UART_CheckIdleState                      0x08002469   Thumb Code   190  stm32l0xx_hal_uart.o(i.UART_CheckIdleState)
    UART_SetConfig                           0x0800258d   Thumb Code   448  stm32l0xx_hal_uart.o(i.UART_SetConfig)
    UART_WaitOnFlagUntilTimeout              0x08002769   Thumb Code   138  stm32l0xx_hal_uart.o(i.UART_WaitOnFlagUntilTimeout)
    __0printf                                0x080027f5   Thumb Code    24  printfa.o(i.__0printf)
    __1printf                                0x080027f5   Thumb Code     0  printfa.o(i.__0printf)
    __2printf                                0x080027f5   Thumb Code     0  printfa.o(i.__0printf)
    __c89printf                              0x080027f5   Thumb Code     0  printfa.o(i.__0printf)
    printf                                   0x080027f5   Thumb Code     0  printfa.o(i.__0printf)
    __0vsprintf                              0x08002815   Thumb Code    30  printfa.o(i.__0vsprintf)
    __1vsprintf                              0x08002815   Thumb Code     0  printfa.o(i.__0vsprintf)
    __2vsprintf                              0x08002815   Thumb Code     0  printfa.o(i.__0vsprintf)
    __c89vsprintf                            0x08002815   Thumb Code     0  printfa.o(i.__0vsprintf)
    vsprintf                                 0x08002815   Thumb Code     0  printfa.o(i.__0vsprintf)
    __ARM_clz                                0x08002839   Thumb Code    46  depilogue.o(i.__ARM_clz)
    __ARM_common_ll_muluu                    0x08002867   Thumb Code    48  main.o(i.__ARM_common_ll_muluu)
    __ARM_common_switch8                     0x08002897   Thumb Code    26  stm32l0xx_hal_dma.o(i.__ARM_common_switch8)
    __ARM_fpclassifyf                        0x080028b1   Thumb Code    34  fpclassifyf.o(i.__ARM_fpclassifyf)
    __mathlib_dbl_invalid                    0x08002919   Thumb Code    16  dunder.o(i.__mathlib_dbl_invalid)
    __mathlib_flt_divzero                    0x08002929   Thumb Code    14  funder.o(i.__mathlib_flt_divzero)
    __mathlib_flt_infnan                     0x08002937   Thumb Code    10  funder.o(i.__mathlib_flt_infnan)
    __mathlib_flt_infnan2                    0x08002941   Thumb Code     8  funder.o(i.__mathlib_flt_infnan2)
    __mathlib_flt_invalid                    0x08002949   Thumb Code    12  funder.o(i.__mathlib_flt_invalid)
    __mathlib_flt_overflow                   0x08002955   Thumb Code    14  funder.o(i.__mathlib_flt_overflow)
    __mathlib_flt_underflow                  0x08002963   Thumb Code    14  funder.o(i.__mathlib_flt_underflow)
    __mathlib_rredf2                         0x08002971   Thumb Code   366  rredf.o(i.__mathlib_rredf2)
    __scatterload_copy                       0x08002af1   Thumb Code    14  handlers.o(i.__scatterload_copy)
    __scatterload_null                       0x08002aff   Thumb Code     2  handlers.o(i.__scatterload_null)
    __scatterload_zeroinit                   0x08002b01   Thumb Code    14  handlers.o(i.__scatterload_zeroinit)
    __set_errno                              0x08002b11   Thumb Code     6  errno.o(i.__set_errno)
    allocateMemory                           0x080033d9   Thumb Code     8  bsec_integration.o(i.allocateMemory)
    bme68x_get_conf                          0x08003571   Thumb Code    96  bme68x.o(i.bme68x_get_conf)
    bme68x_get_data                          0x080035d1   Thumb Code   294  bme68x.o(i.bme68x_get_data)
    bme68x_get_meas_dur                      0x080036f9   Thumb Code   108  bme68x.o(i.bme68x_get_meas_dur)
    bme68x_get_op_mode                       0x08003775   Thumb Code    36  bme68x.o(i.bme68x_get_op_mode)
    bme68x_get_regs                          0x08003799   Thumb Code    82  bme68x.o(i.bme68x_get_regs)
    bme68x_init                              0x080037eb   Thumb Code    70  bme68x.o(i.bme68x_init)
    bme68x_set_conf                          0x08003831   Thumb Code   292  bme68x.o(i.bme68x_set_conf)
    bme68x_set_heatr_conf                    0x0800395d   Thumb Code   158  bme68x.o(i.bme68x_set_heatr_conf)
    bme68x_set_op_mode                       0x08003a01   Thumb Code   122  bme68x.o(i.bme68x_set_op_mode)
    bme68x_set_regs                          0x08003a81   Thumb Code   158  bme68x.o(i.bme68x_set_regs)
    bme68x_soft_reset                        0x08003b21   Thumb Code    82  bme68x.o(i.bme68x_soft_reset)
    bsec_Bsec_append                         0x08003ba9   Thumb Code    58  Bsec.o(i.bsec_Bsec_append)
    bsec_Bsec_applyUpdateSubscription        0x08003be5   Thumb Code   220  Bsec.o(i.bsec_Bsec_applyUpdateSubscription)
    bsec_Bsec_checkIfSensorRequired          0x08003cd5   Thumb Code    96  Bsec.o(i.bsec_Bsec_checkIfSensorRequired)
    bsec_Bsec_checkSamplIntvlCompatibility   0x08003d3d   Thumb Code   218  Bsec.o(i.bsec_Bsec_checkSamplIntvlCompatibility)
    bsec_Bsec_frameSerializedData            0x08003e29   Thumb Code   136  Bsec.o(i.bsec_Bsec_frameSerializedData)
    bsec_Bsec_getInputSample                 0x08003eb5   Thumb Code    48  Bsec.o(i.bsec_Bsec_getInputSample)
    bsec_Bsec_isGasIndexNew                  0x08003ee9   Thumb Code    44  Bsec.o(i.bsec_Bsec_isGasIndexNew)
    bsec_Bsec_parse                          0x08003f15   Thumb Code    80  Bsec.o(i.bsec_Bsec_parse)
    bsec_Bsec_requestOutput                  0x08003f65   Thumb Code    60  Bsec.o(i.bsec_Bsec_requestOutput)
    bsec_Bsec_setHyperConfiguration          0x08003fa5   Thumb Code   684  Bsec.o(i.bsec_Bsec_setHyperConfiguration)
    bsec_Bsec_setHyperState                  0x08004271   Thumb Code   126  Bsec.o(i.bsec_Bsec_setHyperState)
    bsec_Bsec_setSensorOpMode                0x080042f9   Thumb Code   258  Bsec.o(i.bsec_Bsec_setSensorOpMode)
    bsec_Bsec_validateSerialization          0x08004409   Thumb Code   208  Bsec.o(i.bsec_Bsec_validateSerialization)
    bsec_ChannelHub_ChannelHub               0x080044dd   Thumb Code   196  ChannelHub.o(i.bsec_ChannelHub_ChannelHub)
    bsec_ChannelHub_configureChannel         0x080045a1   Thumb Code   136  ChannelHub.o(i.bsec_ChannelHub_configureChannel)
    bsec_ChannelHub_do                       0x08004629   Thumb Code  1324  ChannelHub.o(i.bsec_ChannelHub_do)
    bsec_ChannelHub_getChannelState          0x08004b5d   Thumb Code   152  ChannelHub.o(i.bsec_ChannelHub_getChannelState)
    bsec_ChannelHub_getInput                 0x08004bf5   Thumb Code    46  ChannelHub.o(i.bsec_ChannelHub_getInput)
    bsec_ChannelHub_getOutput                0x08004c25   Thumb Code    84  ChannelHub.o(i.bsec_ChannelHub_getOutput)
    bsec_ChannelHub_recalculateDownsampling  0x08004d09   Thumb Code   244  ChannelHub.o(i.bsec_ChannelHub_recalculateDownsampling)
    bsec_ChannelHub_resetSamplIntvls         0x08004e11   Thumb Code    78  ChannelHub.o(i.bsec_ChannelHub_resetSamplIntvls)
    bsec_ChannelHub_setChannelState          0x08004e65   Thumb Code   136  ChannelHub.o(i.bsec_ChannelHub_setChannelState)
    bsec_ChannelHub_setInput                 0x08004eed   Thumb Code    98  ChannelHub.o(i.bsec_ChannelHub_setInput)
    bsec_ChannelHub_updateChannelInterfaceDependency 0x08004fc1   Thumb Code    94  ChannelHub.o(i.bsec_ChannelHub_updateChannelInterfaceDependency)
    bsec_ChannelHub_updateOutputSamplIntvl   0x08005029   Thumb Code   148  ChannelHub.o(i.bsec_ChannelHub_updateOutputSamplIntvl)
    bsec_Channel_reset                       0x080050d9   Thumb Code    36  Channel.o(i.bsec_Channel_reset)
    bsec_Entity_parseAndDeserialize          0x08005105   Thumb Code    34  Entity.o(i.bsec_Entity_parseAndDeserialize)
    bsec_Entity_serializeAndAdd              0x08005127   Thumb Code    48  Entity.o(i.bsec_Entity_serializeAndAdd)
    bsec_ExpSmoothingBsec_ExpSmoothingBsec   0x08005157   Thumb Code    24  ExpSmoothingBsec.o(i.bsec_ExpSmoothingBsec_ExpSmoothingBsec)
    bsec_ExpSmoothing_setCoeffFromBandwidth  0x08005171   Thumb Code   186  ExpSmoothing.o(i.bsec_ExpSmoothing_setCoeffFromBandwidth)
    bsec_GasEstimator_GasEstimator           0x08005231   Thumb Code   204  GasEstimator.o(i.bsec_GasEstimator_GasEstimator)
    bsec_GasEstimator_configure              0x080053a1   Thumb Code   248  GasEstimator.o(i.bsec_GasEstimator_configure)
    bsec_GasEstimator_doStep                 0x08005689   Thumb Code   234  GasEstimator.o(i.bsec_GasEstimator_doStep)
    bsec_GasEstimator_getState               0x080058e1   Thumb Code   154  GasEstimator.o(i.bsec_GasEstimator_getState)
    bsec_GasEstimator_setState               0x08005af5   Thumb Code   152  GasEstimator.o(i.bsec_GasEstimator_setState)
    bsec_GasHumidityBaselineTracker_GasHumidityBaselineTracker 0x08005c05   Thumb Code   190  GasHumidityBaselineTracker.o(i.bsec_GasHumidityBaselineTracker_GasHumidityBaselineTracker)
    bsec_GasHumidityBaselineTracker_configure 0x08005cf9   Thumb Code   178  GasHumidityBaselineTracker.o(i.bsec_GasHumidityBaselineTracker_configure)
    bsec_GasHumidityBaselineTracker_doStep   0x08005e75   Thumb Code   498  GasHumidityBaselineTracker.o(i.bsec_GasHumidityBaselineTracker_doStep)
    bsec_GasHumidityBaselineTracker_getState 0x08006307   Thumb Code   208  GasHumidityBaselineTracker.o(i.bsec_GasHumidityBaselineTracker_getState)
    bsec_GasHumidityBaselineTracker_setState 0x08006471   Thumb Code    50  GasHumidityBaselineTracker.o(i.bsec_GasHumidityBaselineTracker_setState)
    bsec_GasHumidityBaselineTracker_updateInterfaceDependency 0x080064a9   Thumb Code   168  GasHumidityBaselineTracker.o(i.bsec_GasHumidityBaselineTracker_updateInterfaceDependency)
    bsec_GasHumidityPreProcessor_GasHumidityPreProcessor 0x08006701   Thumb Code    24  GasHumidityPreProcessor.o(i.bsec_GasHumidityPreProcessor_GasHumidityPreProcessor)
    bsec_GasHumidityPreProcessor_configure   0x08006719   Thumb Code    56  GasHumidityPreProcessor.o(i.bsec_GasHumidityPreProcessor_configure)
    bsec_GasHumidityPreProcessor_doStep      0x08006751   Thumb Code   140  GasHumidityPreProcessor.o(i.bsec_GasHumidityPreProcessor_doStep)
    bsec_GasHumidityPreProcessor_getState    0x080067e1   Thumb Code    82  GasHumidityPreProcessor.o(i.bsec_GasHumidityPreProcessor_getState)
    bsec_GasHumidityPreProcessor_setState    0x08006833   Thumb Code    56  GasHumidityPreProcessor.o(i.bsec_GasHumidityPreProcessor_setState)
    bsec_GasHumidityPreProcessor_updateInterfaceDependency 0x0800686d   Thumb Code    90  GasHumidityPreProcessor.o(i.bsec_GasHumidityPreProcessor_updateInterfaceDependency)
    bsec_HumidityTemperatureCorrector_HumidityTemperatureCorrector 0x080068cd   Thumb Code    22  HumidityTemperatureCorrector.o(i.bsec_HumidityTemperatureCorrector_HumidityTemperatureCorrector)
    bsec_HumidityTemperatureCorrector_configure 0x080068e3   Thumb Code    56  HumidityTemperatureCorrector.o(i.bsec_HumidityTemperatureCorrector_configure)
    bsec_HumidityTemperatureCorrector_doStep 0x0800691d   Thumb Code   106  HumidityTemperatureCorrector.o(i.bsec_HumidityTemperatureCorrector_doStep)
    bsec_HumidityTemperatureCorrector_getState 0x08006991   Thumb Code    80  HumidityTemperatureCorrector.o(i.bsec_HumidityTemperatureCorrector_getState)
    bsec_HumidityTemperatureCorrector_setState 0x080069e1   Thumb Code    54  HumidityTemperatureCorrector.o(i.bsec_HumidityTemperatureCorrector_setState)
    bsec_HumidityTemperatureCorrector_updateInterfaceDependency 0x08006a19   Thumb Code   102  HumidityTemperatureCorrector.o(i.bsec_HumidityTemperatureCorrector_updateInterfaceDependency)
    bsec_IaqEstimator_IaqEstimator           0x08006a8d   Thumb Code    22  IaqEstimator.o(i.bsec_IaqEstimator_IaqEstimator)
    bsec_IaqEstimator_configure              0x08006aa9   Thumb Code    54  IaqEstimator.o(i.bsec_IaqEstimator_configure)
    bsec_IaqEstimator_doStep                 0x08006ae1   Thumb Code   386  IaqEstimator.o(i.bsec_IaqEstimator_doStep)
    bsec_IaqEstimator_getState               0x08006c8d   Thumb Code   106  IaqEstimator.o(i.bsec_IaqEstimator_getState)
    bsec_IaqEstimator_setState               0x08006cf9   Thumb Code    16  IaqEstimator.o(i.bsec_IaqEstimator_setState)
    bsec_IaqEstimator_updateInterfaceDependency 0x08006d0d   Thumb Code    60  IaqEstimator.o(i.bsec_IaqEstimator_updateInterfaceDependency)
    bsec_SensorHeatCompensator_SensorHeatCompensator 0x08006d69   Thumb Code   100  SensorHeatCompensator.o(i.bsec_SensorHeatCompensator_SensorHeatCompensator)
    bsec_SensorHeatCompensator_configure     0x08006dd5   Thumb Code   118  SensorHeatCompensator.o(i.bsec_SensorHeatCompensator_configure)
    bsec_SensorHeatCompensator_doStep        0x08006e4d   Thumb Code   228  SensorHeatCompensator.o(i.bsec_SensorHeatCompensator_doStep)
    bsec_SensorHeatCompensator_getState      0x08006f3d   Thumb Code    88  SensorHeatCompensator.o(i.bsec_SensorHeatCompensator_getState)
    bsec_SensorHeatCompensator_setState      0x08006f95   Thumb Code    56  SensorHeatCompensator.o(i.bsec_SensorHeatCompensator_setState)
    bsec_SensorStatusTracker_SensorStatusTracker 0x08006fcd   Thumb Code    48  SensorStatusTracker.o(i.bsec_SensorStatusTracker_SensorStatusTracker)
    bsec_SensorStatusTracker_configure       0x08007005   Thumb Code    76  SensorStatusTracker.o(i.bsec_SensorStatusTracker_configure)
    bsec_SensorStatusTracker_doStep          0x08007051   Thumb Code   264  SensorStatusTracker.o(i.bsec_SensorStatusTracker_doStep)
    bsec_SensorStatusTracker_getState        0x08007159   Thumb Code   152  SensorStatusTracker.o(i.bsec_SensorStatusTracker_getState)
    bsec_SensorStatusTracker_updateInterfaceDependency 0x08007201   Thumb Code    70  SensorStatusTracker.o(i.bsec_SensorStatusTracker_updateInterfaceDependency)
    bsec_Serialization_checkSerializationHeader 0x08007261   Thumb Code    56  Serialization.o(i.bsec_Serialization_checkSerializationHeader)
    bsec_Serialization_prepareSerializationHeader 0x08007299   Thumb Code    24  Serialization.o(i.bsec_Serialization_prepareSerializationHeader)
    bsec_b_Bsec_setHyperConfiguration        0x080072b1   Thumb Code   398  Bsec.o(i.bsec_b_Bsec_setHyperConfiguration)
    bsec_b_Bsec_setHyperState                0x08007455   Thumb Code    38  Bsec.o(i.bsec_b_Bsec_setHyperState)
    bsec_b_ChannelHub_getInput               0x0800747b   Thumb Code    46  ChannelHub.o(i.bsec_b_ChannelHub_getInput)
    bsec_b_Channel_reset                     0x08007509   Thumb Code    26  Channel.o(i.bsec_b_Channel_reset)
    bsec_b_Entity_parseAndDeserialize        0x08007523   Thumb Code    34  Entity.o(i.bsec_b_Entity_parseAndDeserialize)
    bsec_b_Entity_serializeAndAdd            0x08007545   Thumb Code    48  Entity.o(i.bsec_b_Entity_serializeAndAdd)
    bsec_b_ExpSmoothingBsec_ExpSmoothingBsec 0x08007575   Thumb Code    16  ExpSmoothingBsec.o(i.bsec_b_ExpSmoothingBsec_ExpSmoothingBsec)
    bsec_b_GasHumidityBaselineTracker_setState 0x080076c3   Thumb Code   196  GasHumidityBaselineTracker.o(i.bsec_b_GasHumidityBaselineTracker_setState)
    bsec_b_IaqEstimator_setState             0x08007787   Thumb Code   126  IaqEstimator.o(i.bsec_b_IaqEstimator_setState)
    bsec_b_SensorStatusTracker_setState      0x08007805   Thumb Code   170  SensorStatusTracker.o(i.bsec_b_SensorStatusTracker_setState)
    bsec_c_ChannelHub_getInput               0x080078af   Thumb Code    46  ChannelHub.o(i.bsec_c_ChannelHub_getInput)
    bsec_c_Entity_parseAndDeserialize        0x08007935   Thumb Code    24  Entity.o(i.bsec_c_Entity_parseAndDeserialize)
    bsec_c_Entity_serializeAndAdd            0x0800794d   Thumb Code    42  Entity.o(i.bsec_c_Entity_serializeAndAdd)
    bsec_codegen_do_steps                    0x080079bd   Thumb Code   730  bsec_codegen_do_steps.o(i.bsec_codegen_do_steps)
    bsec_codegen_get_state                   0x08007cad   Thumb Code   128  bsec_codegen_get_state.o(i.bsec_codegen_get_state)
    bsec_codegen_get_version                 0x08007d31   Thumb Code    16  bsec_codegen_get_version.o(i.bsec_codegen_get_version)
    bsec_codegen_init                        0x08007d41   Thumb Code     8  bsec_codegen_init.o(i.bsec_codegen_init)
    bsec_codegen_sensor_control              0x08007d49   Thumb Code  1504  bsec_codegen_sensor_control.o(i.bsec_codegen_sensor_control)
    bsec_codegen_set_configuration           0x08008351   Thumb Code   150  bsec_codegen_set_configuration.o(i.bsec_codegen_set_configuration)
    bsec_codegen_set_state                   0x080083e7   Thumb Code   126  bsec_codegen_set_state.o(i.bsec_codegen_set_state)
    bsec_codegen_update_subscription         0x08008465   Thumb Code   876  bsec_codegen_update_subscription.o(i.bsec_codegen_update_subscription)
    bsec_constructor_bsec                    0x0800880d   Thumb Code    24  constructor_bsec.o(i.bsec_constructor_bsec)
    bsec_convertHumidity                     0x08008825   Thumb Code   176  convertHumidity.o(i.bsec_convertHumidity)
    bsec_crcCcitt2                           0x08008989   Thumb Code    42  crcCcitt2.o(i.bsec_crcCcitt2)
    bsec_d_Entity_parseAndDeserialize        0x080089bd   Thumb Code    22  Entity.o(i.bsec_d_Entity_parseAndDeserialize)
    bsec_d_Entity_serializeAndAdd            0x080089d3   Thumb Code    46  Entity.o(i.bsec_d_Entity_serializeAndAdd)
    bsec_do_steps_m                          0x08008a01   Thumb Code    24  bsec_interface_multi.o(i.bsec_do_steps_m)
    bsec_e_Entity_parseAndDeserialize        0x08008a19   Thumb Code    36  Entity.o(i.bsec_e_Entity_parseAndDeserialize)
    bsec_e_Entity_serializeAndAdd            0x08008a3d   Thumb Code    62  Entity.o(i.bsec_e_Entity_serializeAndAdd)
    bsec_f_Entity_parseAndDeserialize        0x08008a7b   Thumb Code    18  Entity.o(i.bsec_f_Entity_parseAndDeserialize)
    bsec_f_Entity_serializeAndAdd            0x08008a8d   Thumb Code    32  Entity.o(i.bsec_f_Entity_serializeAndAdd)
    bsec_g_Entity_parseAndDeserialize        0x08008aad   Thumb Code    32  Entity.o(i.bsec_g_Entity_parseAndDeserialize)
    bsec_g_Entity_serializeAndAdd            0x08008acd   Thumb Code    48  Entity.o(i.bsec_g_Entity_serializeAndAdd)
    bsec_getSensorRange                      0x08008afd   Thumb Code    44  getSensorRange.o(i.bsec_getSensorRange)
    bsec_get_state_m                         0x08008b45   Thumb Code    38  bsec_interface_multi.o(i.bsec_get_state_m)
    bsec_get_version_m                       0x08008b6b   Thumb Code    10  bsec_interface_multi.o(i.bsec_get_version_m)
    bsec_h_Entity_parseAndDeserialize        0x08008b75   Thumb Code    48  Entity.o(i.bsec_h_Entity_parseAndDeserialize)
    bsec_h_Entity_serializeAndAdd            0x08008ba5   Thumb Code    26  Entity.o(i.bsec_h_Entity_serializeAndAdd)
    bsec_i_Entity_parseAndDeserialize        0x08008bbf   Thumb Code    48  Entity.o(i.bsec_i_Entity_parseAndDeserialize)
    bsec_i_Entity_serializeAndAdd            0x08008bef   Thumb Code    60  Entity.o(i.bsec_i_Entity_serializeAndAdd)
    bsec_init_m                              0x08008c2b   Thumb Code    10  bsec_interface_multi.o(i.bsec_init_m)
    bsec_iot_init                            0x08008c35   Thumb Code   216  bsec_integration.o(i.bsec_iot_init)
    bsec_iot_loop                            0x08008d31   Thumb Code   432  bsec_integration.o(i.bsec_iot_loop)
    bsec_isequal                             0x08008f45   Thumb Code    16  isequal.o(i.bsec_isequal)
    bsec_j_Entity_parseAndDeserialize        0x08008f55   Thumb Code    52  Entity.o(i.bsec_j_Entity_parseAndDeserialize)
    bsec_k_Entity_parseAndDeserialize        0x08008f89   Thumb Code    48  Entity.o(i.bsec_k_Entity_parseAndDeserialize)
    bsec_l_Entity_parseAndDeserialize        0x08008fb9   Thumb Code    48  Entity.o(i.bsec_l_Entity_parseAndDeserialize)
    bsec_m_Entity_parseAndDeserialize        0x08008fe9   Thumb Code    34  Entity.o(i.bsec_m_Entity_parseAndDeserialize)
    bsec_n_Entity_parseAndDeserialize        0x0800900b   Thumb Code    44  Entity.o(i.bsec_n_Entity_parseAndDeserialize)
    bsec_o_Entity_parseAndDeserialize        0x08009037   Thumb Code    48  Entity.o(i.bsec_o_Entity_parseAndDeserialize)
    bsec_p_Entity_parseAndDeserialize        0x08009067   Thumb Code    20  Entity.o(i.bsec_p_Entity_parseAndDeserialize)
    bsec_q_Entity_parseAndDeserialize        0x0800907b   Thumb Code    46  Entity.o(i.bsec_q_Entity_parseAndDeserialize)
    bsec_r_Entity_parseAndDeserialize        0x080090a9   Thumb Code    52  Entity.o(i.bsec_r_Entity_parseAndDeserialize)
    bsec_rem                                 0x080090dd   Thumb Code    74  rem.o(i.bsec_rem)
    bsec_rt_roundd                           0x080091b5   Thumb Code    98  bsec_codegen_rtwutil.o(i.bsec_rt_roundd)
    bsec_s_Entity_parseAndDeserialize        0x08009225   Thumb Code    52  Entity.o(i.bsec_s_Entity_parseAndDeserialize)
    bsec_sensor_control_m                    0x08009259   Thumb Code    22  bsec_interface_multi.o(i.bsec_sensor_control_m)
    bsec_set_configuration_m                 0x0800926f   Thumb Code    12  bsec_interface_multi.o(i.bsec_set_configuration_m)
    bsec_set_state_m                         0x0800927b   Thumb Code    12  bsec_interface_multi.o(i.bsec_set_state_m)
    bsec_t_Entity_parseAndDeserialize        0x08009287   Thumb Code    48  Entity.o(i.bsec_t_Entity_parseAndDeserialize)
    bsec_u_Entity_parseAndDeserialize        0x080092b7   Thumb Code    48  Entity.o(i.bsec_u_Entity_parseAndDeserialize)
    bsec_update_subscription_m               0x080092e7   Thumb Code    24  bsec_interface_multi.o(i.bsec_update_subscription_m)
    bus_read                                 0x08009301   Thumb Code    36  main.o(i.bus_read)
    bus_write                                0x08009329   Thumb Code    36  main.o(i.bus_write)
    ceil                                     0x080098b5   Thumb Code   180  ceil.o(i.ceil)
    config_load                              0x0800997d   Thumb Code    16  main.o(i.config_load)
    debug_print                              0x08009991   Thumb Code    62  main.o(i.debug_print)
    __mathlib_expf                           0x080099d5   Thumb Code     0  expf.o(i.expf)
    expf                                     0x080099d5   Thumb Code   294  expf.o(i.expf)
    floor                                    0x08009b2d   Thumb Code   180  floor.o(i.floor)
    floorf                                   0x08009bf5   Thumb Code    98  floorf.o(i.floorf)
    fmaxf                                    0x08009c65   Thumb Code    38  fmaxf.o(i.fmaxf)
    fminf                                    0x08009c8b   Thumb Code    38  fminf.o(i.fminf)
    fmod                                     0x08009cb1   Thumb Code   144  fmod.o(i.fmod)
    fputc                                    0x08009d45   Thumb Code    18  fputc.o(i.fputc)
    getData                                  0x08009d59   Thumb Code    72  bsec_integration.o(i.getData)
    getMeasDur                               0x08009da9   Thumb Code    28  bsec_integration.o(i.getMeasDur)
    get_timestamp_us                         0x08009f15   Thumb Code    52  main.o(i.get_timestamp_us)
    log10f                                   0x08009f4d   Thumb Code   368  log10f.o(i.log10f)
    __mathlib_logf                           0x0800a0f1   Thumb Code     0  logf.o(i.logf)
    logf                                     0x0800a0f1   Thumb Code   338  logf.o(i.logf)
    main                                     0x0800a26d   Thumb Code   220  main.o(i.main)
    output_ready                             0x0800a455   Thumb Code   238  main.o(i.output_ready)
    __mathlib_powf                           0x0800a555   Thumb Code     0  powf.o(i.powf)
    powf                                     0x0800a555   Thumb Code  1538  powf.o(i.powf)
    processData                              0x0800ab75   Thumb Code   228  bsec_integration.o(i.processData)
    roundf                                   0x0800af91   Thumb Code   116  roundf.o(i.roundf)
    setBme68xConfigForced                    0x0800b005   Thumb Code   108  bsec_integration.o(i.setBme68xConfigForced)
    setBme68xConfigParallel                  0x0800b079   Thumb Code   142  bsec_integration.o(i.setBme68xConfigParallel)
    sinf                                     0x0800b2f1   Thumb Code   330  sinf.o(i.sinf)
    sleep_n                                  0x0800b475   Thumb Code    26  main.o(i.sleep_n)
    sqrtf                                    0x0800b48f   Thumb Code    44  sqrtf.o(i.sqrtf)
    state_load                               0x0800b4bb   Thumb Code     4  main.o(i.state_load)
    state_save                               0x0800b4bf   Thumb Code     2  main.o(i.state_save)
    trunc                                    0x0800b4d1   Thumb Code    96  trunc.o(i.trunc)
    AHBPrescTable                            0x0800b534   Data          16  system_stm32l0xx.o(.constdata)
    PLLMulTable                              0x0800b544   Data           9  system_stm32l0xx.o(.constdata)
    APBPrescTable                            0x0800b54d   Data           8  system_stm32l0xx.o(.constdata)
    bsec_config_selectivity                  0x0800b555   Data        2063  bsec_selectivity.o(.constdata)
    uv                                       0x0800beac   Data          30  bsec_codegen_data.o(.constdata)
    iv                                       0x0800beca   Data          60  bsec_codegen_data.o(.constdata)
    iv1                                      0x0800bf08   Data         120  bsec_codegen_data.o(.constdata)
    uv2                                      0x0800bf80   Data          24  bsec_codegen_data.o(.constdata)
    Region$$Table$$Base                      0x0800c55c   Number         0  anon$$obj.o(Region$$Table)
    Region$$Table$$Limit                     0x0800c57c   Number         0  anon$$obj.o(Region$$Table)
    bsecInstance                             0x20000000   Data           4  main.o(.data)
    uwTickFreq                               0x2000000c   Data           1  stm32l0xx_hal.o(.data)
    uwTickPrio                               0x20000010   Data           4  stm32l0xx_hal.o(.data)
    uwTick                                   0x20000014   Data           4  stm32l0xx_hal.o(.data)
    SystemCoreClock                          0x20000018   Data           4  system_stm32l0xx.o(.data)
    lastOpMode                               0x2000001c   Data           1  bsec_integration.o(.data)
    opMode                                   0x2000001d   Data           1  bsec_integration.o(.data)
    nFields                                  0x2000001e   Data           1  bsec_integration.o(.data)
    iFields                                  0x2000001f   Data           1  bsec_integration.o(.data)
    extTempOffset                            0x20000020   Data           4  bsec_integration.o(.data)
    __stdout                                 0x2000002c   Data           4  stdout.o(.data)
    bsec_mem_block                           0x20000034   Data        3272  main.o(.bss)
    hi2c1                                    0x20000cfc   Data          84  i2c.o(.bss)
    huart2                                   0x20000d50   Data         136  usart.o(.bss)
    __initial_sp                             0x20002e88   Data           0  startup_stm32l010xb.o(STACK)



==============================================================================

Memory Map of the image

  Image Entry point : 0x080000c1

  Load Region LR_IROM1 (Base: 0x08000000, Size: 0x0000c5b0, Max: 0x00020000, ABSOLUTE)

    Execution Region ER_IROM1 (Exec base: 0x08000000, Load base: 0x08000000, Size: 0x0000c57c, Max: 0x00020000, ABSOLUTE)

    Exec Addr    Load Addr    Size         Type   Attr      Idx    E Section Name        Object

    0x08000000   0x08000000   0x000000c0   Data   RO            3    RESET               startup_stm32l010xb.o
    0x080000c0   0x080000c0   0x00000000   Code   RO         3258  * .ARM.Collect$$$$00000000  mc_p.l(entry.o)
    0x080000c0   0x080000c0   0x00000004   Code   RO         3619    .ARM.Collect$$$$00000001  mc_p.l(entry2.o)
    0x080000c4   0x080000c4   0x00000004   Code   RO         3622    .ARM.Collect$$$$00000004  mc_p.l(entry5.o)
    0x080000c8   0x080000c8   0x00000000   Code   RO         3624    .ARM.Collect$$$$00000008  mc_p.l(entry7b.o)
    0x080000c8   0x080000c8   0x00000000   Code   RO         3626    .ARM.Collect$$$$0000000A  mc_p.l(entry8b.o)
    0x080000c8   0x080000c8   0x00000008   Code   RO         3627    .ARM.Collect$$$$0000000B  mc_p.l(entry9a.o)
    0x080000d0   0x080000d0   0x00000004   Code   RO         3634    .ARM.Collect$$$$0000000E  mc_p.l(entry12b.o)
    0x080000d4   0x080000d4   0x00000000   Code   RO         3629    .ARM.Collect$$$$0000000F  mc_p.l(entry10a.o)
    0x080000d4   0x080000d4   0x00000000   Code   RO         3631    .ARM.Collect$$$$00000011  mc_p.l(entry11a.o)
    0x080000d4   0x080000d4   0x00000004   Code   RO         3620    .ARM.Collect$$$$00002712  mc_p.l(entry2.o)
    0x080000d8   0x080000d8   0x00000058   Code   RO            4    .text               startup_stm32l010xb.o
    0x08000130   0x08000130   0x0000002c   Code   RO         3261    .text               mc_p.l(uidiv.o)
    0x0800015c   0x0800015c   0x00000060   Code   RO         3263    .text               mc_p.l(uldiv.o)
    0x080001bc   0x080001bc   0x0000004c   Code   RO         3265    .text               mc_p.l(ldiv.o)
    0x08000208   0x08000208   0x0000007a   Code   RO         3267    .text               mc_p.l(llmul.o)
    0x08000282   0x08000282   0x00000024   Code   RO         3269    .text               mc_p.l(memcpya.o)
    0x080002a6   0x080002a6   0x00000024   Code   RO         3271    .text               mc_p.l(memseta.o)
    0x080002ca   0x080002ca   0x0000000e   Code   RO         3273    .text               mc_p.l(strlen.o)
    0x080002d8   0x080002d8   0x000000b2   Code   RO         3538    .text               mf_p.l(fadd.o)
    0x0800038a   0x0800038a   0x0000007a   Code   RO         3540    .text               mf_p.l(fmul.o)
    0x08000404   0x08000404   0x0000007c   Code   RO         3542    .text               mf_p.l(fdiv.o)
    0x08000480   0x08000480   0x00000018   Code   RO         3544    .text               mf_p.l(fscalb.o)
    0x08000498   0x08000498   0x00000168   Code   RO         3546    .text               mf_p.l(dadd.o)
    0x08000600   0x08000600   0x000000d0   Code   RO         3548    .text               mf_p.l(dmul.o)
    0x080006d0   0x080006d0   0x000000f0   Code   RO         3550    .text               mf_p.l(ddiv.o)
    0x080007c0   0x080007c0   0x0000002c   Code   RO         3552    .text               mf_p.l(dscalb.o)
    0x080007ec   0x080007ec   0x00000016   Code   RO         3554    .text               mf_p.l(fflti.o)
    0x08000802   0x08000802   0x0000000e   Code   RO         3556    .text               mf_p.l(ffltui.o)
    0x08000810   0x08000810   0x0000002c   Code   RO         3558    .text               mf_p.l(ffltl.o)
    0x0800083c   0x0800083c   0x0000001c   Code   RO         3560    .text               mf_p.l(dfltui.o)
    0x08000858   0x08000858   0x0000002c   Code   RO         3562    .text               mf_p.l(dfltl.o)
    0x08000884   0x08000884   0x00000032   Code   RO         3564    .text               mf_p.l(ffixi.o)
    0x080008b6   0x080008b6   0x00000028   Code   RO         3566    .text               mf_p.l(ffixui.o)
    0x080008de   0x080008de   0x00000002   PAD
    0x080008e0   0x080008e0   0x00000048   Code   RO         3568    .text               mf_p.l(dfixi.o)
    0x08000928   0x08000928   0x0000003c   Code   RO         3570    .text               mf_p.l(dfixui.o)
    0x08000964   0x08000964   0x00000050   Code   RO         3572    .text               mf_p.l(dfixl.o)
    0x080009b4   0x080009b4   0x00000028   Code   RO         3574    .text               mf_p.l(f2d.o)
    0x080009dc   0x080009dc   0x00000028   Code   RO         3576    .text               mf_p.l(cdcmple.o)
    0x08000a04   0x08000a04   0x00000028   Code   RO         3578    .text               mf_p.l(cdrcmple.o)
    0x08000a2c   0x08000a2c   0x00000038   Code   RO         3580    .text               mf_p.l(d2f.o)
    0x08000a64   0x08000a64   0x00000014   Code   RO         3582    .text               mf_p.l(cfcmple.o)
    0x08000a78   0x08000a78   0x00000014   Code   RO         3584    .text               mf_p.l(cfrcmple.o)
    0x08000a8c   0x08000a8c   0x00000020   Code   RO         3638    .text               mc_p.l(llshl.o)
    0x08000aac   0x08000aac   0x00000022   Code   RO         3640    .text               mc_p.l(llushr.o)
    0x08000ace   0x08000ace   0x00000026   Code   RO         3642    .text               mc_p.l(llsshr.o)
    0x08000af4   0x08000af4   0x00000000   Code   RO         3651    .text               mc_p.l(iusefp.o)
    0x08000af4   0x08000af4   0x00000082   Code   RO         3652    .text               mf_p.l(fepilogue.o)
    0x08000b76   0x08000b76   0x00000058   Code   RO         3654    .text               mf_p.l(fsqrt.o)
    0x08000bce   0x08000bce   0x0000003e   Code   RO         3656    .text               mf_p.l(frnd.o)
    0x08000c0c   0x08000c0c   0x000000be   Code   RO         3658    .text               mf_p.l(depilogue.o)
    0x08000cca   0x08000cca   0x00000002   PAD
    0x08000ccc   0x08000ccc   0x0000007c   Code   RO         3662    .text               mf_p.l(drnd.o)
    0x08000d48   0x08000d48   0x00000082   Code   RO         3664    .text               mf_p.l(drem.o)
    0x08000dca   0x08000dca   0x00000002   PAD
    0x08000dcc   0x08000dcc   0x00000040   Code   RO         3666    .text               mf_p.l(dfixul.o)
    0x08000e0c   0x08000e0c   0x0000004c   Code   RO         3668    .text               mf_p.l(ffixir.o)
    0x08000e58   0x08000e58   0x00000038   Code   RO         3670    .text               mf_p.l(fcmp4.o)
    0x08000e90   0x08000e90   0x00000004   Code   RO         3672    .text               mf_p.l(fpstat.o)
    0x08000e94   0x08000e94   0x00000024   Code   RO         3674    .text               mc_p.l(init.o)
    0x08000eb8   0x08000eb8   0x00000000   Code   RO         3676    .text               mc_p.l(semi.o)
    0x08000eb8   0x08000eb8   0x00000000   Code   RO         3677    .text               mc_p.l(iusesemip.o)
    0x08000eb8   0x08000eb8   0x00000004   Code   RO           12    i.Error_Handler     main.o
    0x08000ebc   0x08000ebc   0x00000024   Code   RO          917    i.HAL_Delay         stm32l0xx_hal.o
    0x08000ee0   0x08000ee0   0x000001bc   Code   RO         1528    i.HAL_GPIO_Init     stm32l0xx_hal_gpio.o
    0x0800109c   0x0800109c   0x0000000c   Code   RO          921    i.HAL_GetTick       stm32l0xx_hal.o
    0x080010a8   0x080010a8   0x0000004a   Code   RO          870    i.HAL_I2CEx_ConfigAnalogFilter  stm32l0xx_hal_i2c_ex.o
    0x080010f2   0x080010f2   0x00000048   Code   RO          871    i.HAL_I2CEx_ConfigDigitalFilter  stm32l0xx_hal_i2c_ex.o
    0x0800113a   0x0800113a   0x00000002   PAD
    0x0800113c   0x0800113c   0x000000b4   Code   RO          413    i.HAL_I2C_Init      stm32l0xx_hal_i2c.o
    0x080011f0   0x080011f0   0x00000154   Code   RO          431    i.HAL_I2C_Mem_Read  stm32l0xx_hal_i2c.o
    0x08001344   0x08001344   0x0000014c   Code   RO          434    i.HAL_I2C_Mem_Write  stm32l0xx_hal_i2c.o
    0x08001490   0x08001490   0x0000005c   Code   RO          260    i.HAL_I2C_MspInit   i2c.o
    0x080014ec   0x080014ec   0x00000010   Code   RO          927    i.HAL_IncTick       stm32l0xx_hal.o
    0x080014fc   0x080014fc   0x00000028   Code   RO          928    i.HAL_Init          stm32l0xx_hal.o
    0x08001524   0x08001524   0x00000044   Code   RO          929    i.HAL_InitTick      stm32l0xx_hal.o
    0x08001568   0x08001568   0x00000018   Code   RO          382    i.HAL_MspInit       stm32l0xx_hal_msp.o
    0x08001580   0x08001580   0x00000008   Code   RO         1828    i.HAL_NVIC_SetPriority  stm32l0xx_hal_cortex.o
    0x08001588   0x08001588   0x00000158   Code   RO         1213    i.HAL_RCCEx_PeriphCLKConfig  stm32l0xx_hal_rcc_ex.o
    0x080016e0   0x080016e0   0x0000019c   Code   RO         1115    i.HAL_RCC_ClockConfig  stm32l0xx_hal_rcc.o
    0x0800187c   0x0800187c   0x00000020   Code   RO         1121    i.HAL_RCC_GetPCLK1Freq  stm32l0xx_hal_rcc.o
    0x0800189c   0x0800189c   0x00000020   Code   RO         1122    i.HAL_RCC_GetPCLK2Freq  stm32l0xx_hal_rcc.o
    0x080018bc   0x080018bc   0x00000078   Code   RO         1123    i.HAL_RCC_GetSysClockFreq  stm32l0xx_hal_rcc.o
    0x08001934   0x08001934   0x00000432   Code   RO         1126    i.HAL_RCC_OscConfig  stm32l0xx_hal_rcc.o
    0x08001d66   0x08001d66   0x00000002   PAD
    0x08001d68   0x08001d68   0x00000030   Code   RO         1832    i.HAL_SYSTICK_Config  stm32l0xx_hal_cortex.o
    0x08001d98   0x08001d98   0x0000006a   Code   RO         2041    i.HAL_UART_Init     stm32l0xx_hal_uart.o
    0x08001e02   0x08001e02   0x00000002   PAD
    0x08001e04   0x08001e04   0x0000005c   Code   RO          298    i.HAL_UART_MspInit  usart.o
    0x08001e60   0x08001e60   0x000000c0   Code   RO         2050    i.HAL_UART_Transmit  stm32l0xx_hal_uart.o
    0x08001f20   0x08001f20   0x00000002   Code   RO          335    i.HardFault_Handler  stm32l0xx_it.o
    0x08001f22   0x08001f22   0x00000022   Code   RO          460    i.I2C_Flush_TXDR    stm32l0xx_hal_i2c.o
    0x08001f44   0x08001f44   0x00000110   Code   RO          468    i.I2C_IsErrorOccurred  stm32l0xx_hal_i2c.o
    0x08002054   0x08002054   0x00000060   Code   RO          473    i.I2C_RequestMemoryRead  stm32l0xx_hal_i2c.o
    0x080020b4   0x080020b4   0x00000060   Code   RO          474    i.I2C_RequestMemoryWrite  stm32l0xx_hal_i2c.o
    0x08002114   0x08002114   0x0000002c   Code   RO          477    i.I2C_TransferConfig  stm32l0xx_hal_i2c.o
    0x08002140   0x08002140   0x00000062   Code   RO          479    i.I2C_WaitOnFlagUntilTimeout  stm32l0xx_hal_i2c.o
    0x080021a2   0x080021a2   0x00000056   Code   RO          481    i.I2C_WaitOnSTOPFlagUntilTimeout  stm32l0xx_hal_i2c.o
    0x080021f8   0x080021f8   0x0000005a   Code   RO          482    i.I2C_WaitOnTXISFlagUntilTimeout  stm32l0xx_hal_i2c.o
    0x08002252   0x08002252   0x00000002   PAD
    0x08002254   0x08002254   0x00000018   Code   RO          239    i.MX_GPIO_Init      gpio.o
    0x0800226c   0x0800226c   0x00000058   Code   RO          261    i.MX_I2C1_Init      i2c.o
    0x080022c4   0x080022c4   0x00000038   Code   RO          299    i.MX_USART2_UART_Init  usart.o
    0x080022fc   0x080022fc   0x00000002   Code   RO          336    i.NMI_Handler       stm32l0xx_it.o
    0x080022fe   0x080022fe   0x00000002   Code   RO          337    i.PendSV_Handler    stm32l0xx_it.o
    0x08002300   0x08002300   0x00000002   Code   RO          338    i.SVC_Handler       stm32l0xx_it.o
    0x08002302   0x08002302   0x00000008   Code   RO          339    i.SysTick_Handler   stm32l0xx_it.o
    0x0800230a   0x0800230a   0x00000002   PAD
    0x0800230c   0x0800230c   0x00000090   Code   RO           13    i.SystemClock_Config  main.o
    0x0800239c   0x0800239c   0x00000002   Code   RO         2487    i.SystemInit        system_stm32l0xx.o
    0x0800239e   0x0800239e   0x000000ca   Code   RO         2055    i.UART_AdvFeatureConfig  stm32l0xx_hal_uart.o
    0x08002468   0x08002468   0x000000c4   Code   RO         2056    i.UART_CheckIdleState  stm32l0xx_hal_uart.o
    0x0800252c   0x0800252c   0x00000060   Code   RO         2067    i.UART_EndRxTransfer  stm32l0xx_hal_uart.o
    0x0800258c   0x0800258c   0x000001dc   Code   RO         2071    i.UART_SetConfig    stm32l0xx_hal_uart.o
    0x08002768   0x08002768   0x0000008a   Code   RO         2076    i.UART_WaitOnFlagUntilTimeout  stm32l0xx_hal_uart.o
    0x080027f2   0x080027f2   0x00000002   PAD
    0x080027f4   0x080027f4   0x00000020   Code   RO         3510    i.__0printf         mc_p.l(printfa.o)
    0x08002814   0x08002814   0x00000024   Code   RO         3516    i.__0vsprintf       mc_p.l(printfa.o)
    0x08002838   0x08002838   0x0000002e   Code   RO         3660    i.__ARM_clz         mf_p.l(depilogue.o)
    0x08002866   0x08002866   0x00000030   Code   RO           97    i.__ARM_common_ll_muluu  main.o
    0x08002896   0x08002896   0x0000001a   Code   RO         1673    i.__ARM_common_switch8  stm32l0xx_hal_dma.o
    0x080028b0   0x080028b0   0x00000022   Code   RO         3600    i.__ARM_fpclassifyf  m_ps.l(fpclassifyf.o)
    0x080028d2   0x080028d2   0x00000002   PAD
    0x080028d4   0x080028d4   0x00000044   Code   RO         1834    i.__NVIC_SetPriority  stm32l0xx_hal_cortex.o
    0x08002918   0x08002918   0x00000010   Code   RO         3589    i.__mathlib_dbl_invalid  m_ps.l(dunder.o)
    0x08002928   0x08002928   0x0000000e   Code   RO         3602    i.__mathlib_flt_divzero  m_ps.l(funder.o)
    0x08002936   0x08002936   0x0000000a   Code   RO         3603    i.__mathlib_flt_infnan  m_ps.l(funder.o)
    0x08002940   0x08002940   0x00000008   Code   RO         3604    i.__mathlib_flt_infnan2  m_ps.l(funder.o)
    0x08002948   0x08002948   0x0000000c   Code   RO         3605    i.__mathlib_flt_invalid  m_ps.l(funder.o)
    0x08002954   0x08002954   0x0000000e   Code   RO         3606    i.__mathlib_flt_overflow  m_ps.l(funder.o)
    0x08002962   0x08002962   0x0000000e   Code   RO         3608    i.__mathlib_flt_underflow  m_ps.l(funder.o)
    0x08002970   0x08002970   0x00000180   Code   RO         3616    i.__mathlib_rredf2  m_ps.l(rredf.o)
    0x08002af0   0x08002af0   0x0000000e   Code   RO         3680    i.__scatterload_copy  mc_p.l(handlers.o)
    0x08002afe   0x08002afe   0x00000002   Code   RO         3681    i.__scatterload_null  mc_p.l(handlers.o)
    0x08002b00   0x08002b00   0x0000000e   Code   RO         3682    i.__scatterload_zeroinit  mc_p.l(handlers.o)
    0x08002b0e   0x08002b0e   0x00000002   PAD
    0x08002b10   0x08002b10   0x0000000c   Code   RO         3646    i.__set_errno       mc_p.l(errno.o)
    0x08002b1c   0x08002b1c   0x00000174   Code   RO         3517    i._fp_digits        mc_p.l(printfa.o)
    0x08002c90   0x08002c90   0x000006f0   Code   RO         3518    i._printf_core      mc_p.l(printfa.o)
    0x08003380   0x08003380   0x00000020   Code   RO         3519    i._printf_post_padding  mc_p.l(printfa.o)
    0x080033a0   0x080033a0   0x0000002c   Code   RO         3520    i._printf_pre_padding  mc_p.l(printfa.o)
    0x080033cc   0x080033cc   0x0000000a   Code   RO         3522    i._sputc            mc_p.l(printfa.o)
    0x080033d6   0x080033d6   0x00000002   PAD
    0x080033d8   0x080033d8   0x0000000c   Code   RO         2518    i.allocateMemory    bsec_integration.o
    0x080033e4   0x080033e4   0x0000012c   Code   RO         2519    i.bme68x_bsec_process_data  bsec_integration.o
    0x08003510   0x08003510   0x00000060   Code   RO         2520    i.bme68x_bsec_update_subscription  bsec_integration.o
    0x08003570   0x08003570   0x00000060   Code   RO         2617    i.bme68x_get_conf   bme68x.o
    0x080035d0   0x080035d0   0x00000126   Code   RO         2618    i.bme68x_get_data   bme68x.o
    0x080036f6   0x080036f6   0x00000002   PAD
    0x080036f8   0x080036f8   0x0000007c   Code   RO         2620    i.bme68x_get_meas_dur  bme68x.o
    0x08003774   0x08003774   0x00000024   Code   RO         2621    i.bme68x_get_op_mode  bme68x.o
    0x08003798   0x08003798   0x00000052   Code   RO         2622    i.bme68x_get_regs   bme68x.o
    0x080037ea   0x080037ea   0x00000046   Code   RO         2623    i.bme68x_init       bme68x.o
    0x08003830   0x08003830   0x0000012c   Code   RO         2625    i.bme68x_set_conf   bme68x.o
    0x0800395c   0x0800395c   0x000000a4   Code   RO         2626    i.bme68x_set_heatr_conf  bme68x.o
    0x08003a00   0x08003a00   0x00000080   Code   RO         2627    i.bme68x_set_op_mode  bme68x.o
    0x08003a80   0x08003a80   0x0000009e   Code   RO         2628    i.bme68x_set_regs   bme68x.o
    0x08003b1e   0x08003b1e   0x00000002   PAD
    0x08003b20   0x08003b20   0x00000058   Code   RO         2629    i.bme68x_soft_reset  bme68x.o
    0x08003b78   0x08003b78   0x00000030   Code   RO         2630    i.boundary_check    bme68x.o
    0x08003ba8   0x08003ba8   0x0000003a   Code   RO         2834    i.bsec_Bsec_append  libalgobsec.lib(Bsec.o)
    0x08003be2   0x08003be2   0x00000002   PAD
    0x08003be4   0x08003be4   0x000000f0   Code   RO         2835    i.bsec_Bsec_applyUpdateSubscription  libalgobsec.lib(Bsec.o)
    0x08003cd4   0x08003cd4   0x00000068   Code   RO         2836    i.bsec_Bsec_checkIfSensorRequired  libalgobsec.lib(Bsec.o)
    0x08003d3c   0x08003d3c   0x000000ec   Code   RO         2837    i.bsec_Bsec_checkSamplIntvlCompatibility  libalgobsec.lib(Bsec.o)
    0x08003e28   0x08003e28   0x0000008c   Code   RO         2838    i.bsec_Bsec_frameSerializedData  libalgobsec.lib(Bsec.o)
    0x08003eb4   0x08003eb4   0x00000034   Code   RO         2840    i.bsec_Bsec_getInputSample  libalgobsec.lib(Bsec.o)
    0x08003ee8   0x08003ee8   0x0000002c   Code   RO         2841    i.bsec_Bsec_isGasIndexNew  libalgobsec.lib(Bsec.o)
    0x08003f14   0x08003f14   0x00000050   Code   RO         2842    i.bsec_Bsec_parse   libalgobsec.lib(Bsec.o)
    0x08003f64   0x08003f64   0x00000040   Code   RO         2843    i.bsec_Bsec_requestOutput  libalgobsec.lib(Bsec.o)
    0x08003fa4   0x08003fa4   0x000002cc   Code   RO         2845    i.bsec_Bsec_setHyperConfiguration  libalgobsec.lib(Bsec.o)
    0x08004270   0x08004270   0x00000088   Code   RO         2846    i.bsec_Bsec_setHyperState  libalgobsec.lib(Bsec.o)
    0x080042f8   0x080042f8   0x00000110   Code   RO         2847    i.bsec_Bsec_setSensorOpMode  libalgobsec.lib(Bsec.o)
    0x08004408   0x08004408   0x000000d4   Code   RO         2848    i.bsec_Bsec_validateSerialization  libalgobsec.lib(Bsec.o)
    0x080044dc   0x080044dc   0x000000c4   Code   RO         2873    i.bsec_ChannelHub_ChannelHub  libalgobsec.lib(ChannelHub.o)
    0x080045a0   0x080045a0   0x00000088   Code   RO         2874    i.bsec_ChannelHub_configureChannel  libalgobsec.lib(ChannelHub.o)
    0x08004628   0x08004628   0x00000534   Code   RO         2875    i.bsec_ChannelHub_do  libalgobsec.lib(ChannelHub.o)
    0x08004b5c   0x08004b5c   0x00000098   Code   RO         2877    i.bsec_ChannelHub_getChannelState  libalgobsec.lib(ChannelHub.o)
    0x08004bf4   0x08004bf4   0x0000002e   Code   RO         2878    i.bsec_ChannelHub_getInput  libalgobsec.lib(ChannelHub.o)
    0x08004c22   0x08004c22   0x00000002   PAD
    0x08004c24   0x08004c24   0x00000058   Code   RO         2879    i.bsec_ChannelHub_getOutput  libalgobsec.lib(ChannelHub.o)
    0x08004c7c   0x08004c7c   0x0000008c   Code   RO         2880    i.bsec_ChannelHub_isChannelReady  libalgobsec.lib(ChannelHub.o)
    0x08004d08   0x08004d08   0x00000108   Code   RO         2881    i.bsec_ChannelHub_recalculateDownsampling  libalgobsec.lib(ChannelHub.o)
    0x08004e10   0x08004e10   0x00000054   Code   RO         2882    i.bsec_ChannelHub_resetSamplIntvls  libalgobsec.lib(ChannelHub.o)
    0x08004e64   0x08004e64   0x00000088   Code   RO         2883    i.bsec_ChannelHub_setChannelState  libalgobsec.lib(ChannelHub.o)
    0x08004eec   0x08004eec   0x00000068   Code   RO         2884    i.bsec_ChannelHub_setInput  libalgobsec.lib(ChannelHub.o)
    0x08004f54   0x08004f54   0x0000006c   Code   RO         2885    i.bsec_ChannelHub_setOutput  libalgobsec.lib(ChannelHub.o)
    0x08004fc0   0x08004fc0   0x00000068   Code   RO         2886    i.bsec_ChannelHub_updateChannelInterfaceDependency  libalgobsec.lib(ChannelHub.o)
    0x08005028   0x08005028   0x000000b0   Code   RO         2887    i.bsec_ChannelHub_updateOutputSamplIntvl  libalgobsec.lib(ChannelHub.o)
    0x080050d8   0x080050d8   0x0000002c   Code   RO         3160    i.bsec_Channel_reset  libalgobsec.lib(Channel.o)
    0x08005104   0x08005104   0x00000022   Code   RO         2926    i.bsec_Entity_parseAndDeserialize  libalgobsec.lib(Entity.o)
    0x08005126   0x08005126   0x00000030   Code   RO         2927    i.bsec_Entity_serializeAndAdd  libalgobsec.lib(Entity.o)
    0x08005156   0x08005156   0x00000018   Code   RO         3166    i.bsec_ExpSmoothingBsec_ExpSmoothingBsec  libalgobsec.lib(ExpSmoothingBsec.o)
    0x0800516e   0x0800516e   0x00000002   PAD
    0x08005170   0x08005170   0x000000c0   Code   RO         3164    i.bsec_ExpSmoothing_setCoeffFromBandwidth  libalgobsec.lib(ExpSmoothing.o)
    0x08005230   0x08005230   0x000000cc   Code   RO         3019    i.bsec_GasEstimator_GasEstimator  libalgobsec.lib(GasEstimator.o)
    0x080052fc   0x080052fc   0x000000a2   Code   RO         3020    i.bsec_GasEstimator_applyTransferFunction  libalgobsec.lib(GasEstimator.o)
    0x0800539e   0x0800539e   0x00000002   PAD
    0x080053a0   0x080053a0   0x000000fc   Code   RO         3021    i.bsec_GasEstimator_configure  libalgobsec.lib(GasEstimator.o)
    0x0800549c   0x0800549c   0x000001ec   Code   RO         3022    i.bsec_GasEstimator_denormalization  libalgobsec.lib(GasEstimator.o)
    0x08005688   0x08005688   0x000000ea   Code   RO         3023    i.bsec_GasEstimator_doStep  libalgobsec.lib(GasEstimator.o)
    0x08005772   0x08005772   0x00000002   PAD
    0x08005774   0x08005774   0x0000016c   Code   RO         3024    i.bsec_GasEstimator_estimateGas  libalgobsec.lib(GasEstimator.o)
    0x080058e0   0x080058e0   0x000000a0   Code   RO         3026    i.bsec_GasEstimator_getState  libalgobsec.lib(GasEstimator.o)
    0x08005980   0x08005980   0x00000144   Code   RO         3027    i.bsec_GasEstimator_preprocessInput  libalgobsec.lib(GasEstimator.o)
    0x08005ac4   0x08005ac4   0x0000002e   Code   RO         3028    i.bsec_GasEstimator_resetGasEstimator  libalgobsec.lib(GasEstimator.o)
    0x08005af2   0x08005af2   0x00000002   PAD
    0x08005af4   0x08005af4   0x0000009c   Code   RO         3029    i.bsec_GasEstimator_setState  libalgobsec.lib(GasEstimator.o)
    0x08005b90   0x08005b90   0x00000074   Code   RO         3030    i.bsec_GasEstimator_softmaxApply  libalgobsec.lib(GasEstimator.o)
    0x08005c04   0x08005c04   0x000000f4   Code   RO         3049    i.bsec_GasHumidityBaselineTracker_GasHumidityBaselineTracker  libalgobsec.lib(GasHumidityBaselineTracker.o)
    0x08005cf8   0x08005cf8   0x000000b2   Code   RO         3050    i.bsec_GasHumidityBaselineTracker_configure  libalgobsec.lib(GasHumidityBaselineTracker.o)
    0x08005daa   0x08005daa   0x00000002   PAD
    0x08005dac   0x08005dac   0x000000c8   Code   RO         3051    i.bsec_GasHumidityBaselineTracker_determineAccuracyLevel  libalgobsec.lib(GasHumidityBaselineTracker.o)
    0x08005e74   0x08005e74   0x00000200   Code   RO         3052    i.bsec_GasHumidityBaselineTracker_doStep  libalgobsec.lib(GasHumidityBaselineTracker.o)
    0x08006074   0x08006074   0x00000190   Code   RO         3053    i.bsec_GasHumidityBaselineTracker_filterRobustMaxMin  libalgobsec.lib(GasHumidityBaselineTracker.o)
    0x08006204   0x08006204   0x000000a0   Code   RO         3055    i.bsec_GasHumidityBaselineTracker_getFitParam  libalgobsec.lib(GasHumidityBaselineTracker.o)
    0x080062a4   0x080062a4   0x00000062   Code   RO         3056    i.bsec_GasHumidityBaselineTracker_getMinimumFilterDistance  libalgobsec.lib(GasHumidityBaselineTracker.o)
    0x08006306   0x08006306   0x000000d0   Code   RO         3057    i.bsec_GasHumidityBaselineTracker_getState  libalgobsec.lib(GasHumidityBaselineTracker.o)
    0x080063d6   0x080063d6   0x00000002   PAD
    0x080063d8   0x080063d8   0x00000098   Code   RO         3058    i.bsec_GasHumidityBaselineTracker_isBaselineAllowedAdapt  libalgobsec.lib(GasHumidityBaselineTracker.o)
    0x08006470   0x08006470   0x00000038   Code   RO         3059    i.bsec_GasHumidityBaselineTracker_setState  libalgobsec.lib(GasHumidityBaselineTracker.o)
    0x080064a8   0x080064a8   0x000000c4   Code   RO         3060    i.bsec_GasHumidityBaselineTracker_updateInterfaceDependency  libalgobsec.lib(GasHumidityBaselineTracker.o)
    0x0800656c   0x0800656c   0x00000194   Code   RO         3061    i.bsec_GasHumidityBaselineTracker_vocFeatureTempHumComp  libalgobsec.lib(GasHumidityBaselineTracker.o)
    0x08006700   0x08006700   0x00000018   Code   RO         3078    i.bsec_GasHumidityPreProcessor_GasHumidityPreProcessor  libalgobsec.lib(GasHumidityPreProcessor.o)
    0x08006718   0x08006718   0x00000038   Code   RO         3079    i.bsec_GasHumidityPreProcessor_configure  libalgobsec.lib(GasHumidityPreProcessor.o)
    0x08006750   0x08006750   0x00000090   Code   RO         3080    i.bsec_GasHumidityPreProcessor_doStep  libalgobsec.lib(GasHumidityPreProcessor.o)
    0x080067e0   0x080067e0   0x00000052   Code   RO         3082    i.bsec_GasHumidityPreProcessor_getState  libalgobsec.lib(GasHumidityPreProcessor.o)
    0x08006832   0x08006832   0x00000038   Code   RO         3083    i.bsec_GasHumidityPreProcessor_setState  libalgobsec.lib(GasHumidityPreProcessor.o)
    0x0800686a   0x0800686a   0x00000002   PAD
    0x0800686c   0x0800686c   0x00000060   Code   RO         3084    i.bsec_GasHumidityPreProcessor_updateInterfaceDependency  libalgobsec.lib(GasHumidityPreProcessor.o)
    0x080068cc   0x080068cc   0x00000016   Code   RO         3092    i.bsec_HumidityTemperatureCorrector_HumidityTemperatureCorrector  libalgobsec.lib(HumidityTemperatureCorrector.o)
    0x080068e2   0x080068e2   0x00000038   Code   RO         3093    i.bsec_HumidityTemperatureCorrector_configure  libalgobsec.lib(HumidityTemperatureCorrector.o)
    0x0800691a   0x0800691a   0x00000002   PAD
    0x0800691c   0x0800691c   0x00000074   Code   RO         3094    i.bsec_HumidityTemperatureCorrector_doStep  libalgobsec.lib(HumidityTemperatureCorrector.o)
    0x08006990   0x08006990   0x00000050   Code   RO         3096    i.bsec_HumidityTemperatureCorrector_getState  libalgobsec.lib(HumidityTemperatureCorrector.o)
    0x080069e0   0x080069e0   0x00000036   Code   RO         3097    i.bsec_HumidityTemperatureCorrector_setState  libalgobsec.lib(HumidityTemperatureCorrector.o)
    0x08006a16   0x08006a16   0x00000002   PAD
    0x08006a18   0x08006a18   0x00000074   Code   RO         3098    i.bsec_HumidityTemperatureCorrector_updateInterfaceDependency  libalgobsec.lib(HumidityTemperatureCorrector.o)
    0x08006a8c   0x08006a8c   0x0000001c   Code   RO         3106    i.bsec_IaqEstimator_IaqEstimator  libalgobsec.lib(IaqEstimator.o)
    0x08006aa8   0x08006aa8   0x00000036   Code   RO         3107    i.bsec_IaqEstimator_configure  libalgobsec.lib(IaqEstimator.o)
    0x08006ade   0x08006ade   0x00000002   PAD
    0x08006ae0   0x08006ae0   0x000001ac   Code   RO         3108    i.bsec_IaqEstimator_doStep  libalgobsec.lib(IaqEstimator.o)
    0x08006c8c   0x08006c8c   0x0000006a   Code   RO         3110    i.bsec_IaqEstimator_getState  libalgobsec.lib(IaqEstimator.o)
    0x08006cf6   0x08006cf6   0x00000002   PAD
    0x08006cf8   0x08006cf8   0x00000014   Code   RO         3111    i.bsec_IaqEstimator_setState  libalgobsec.lib(IaqEstimator.o)
    0x08006d0c   0x08006d0c   0x0000005c   Code   RO         3112    i.bsec_IaqEstimator_updateInterfaceDependency  libalgobsec.lib(IaqEstimator.o)
    0x08006d68   0x08006d68   0x0000006c   Code   RO         3122    i.bsec_SensorHeatCompensator_SensorHeatCompensator  libalgobsec.lib(SensorHeatCompensator.o)
    0x08006dd4   0x08006dd4   0x00000076   Code   RO         3123    i.bsec_SensorHeatCompensator_configure  libalgobsec.lib(SensorHeatCompensator.o)
    0x08006e4a   0x08006e4a   0x00000002   PAD
    0x08006e4c   0x08006e4c   0x000000f0   Code   RO         3124    i.bsec_SensorHeatCompensator_doStep  libalgobsec.lib(SensorHeatCompensator.o)
    0x08006f3c   0x08006f3c   0x00000058   Code   RO         3126    i.bsec_SensorHeatCompensator_getState  libalgobsec.lib(SensorHeatCompensator.o)
    0x08006f94   0x08006f94   0x00000038   Code   RO         3127    i.bsec_SensorHeatCompensator_setState  libalgobsec.lib(SensorHeatCompensator.o)
    0x08006fcc   0x08006fcc   0x00000038   Code   RO         3135    i.bsec_SensorStatusTracker_SensorStatusTracker  libalgobsec.lib(SensorStatusTracker.o)
    0x08007004   0x08007004   0x0000004c   Code   RO         3136    i.bsec_SensorStatusTracker_configure  libalgobsec.lib(SensorStatusTracker.o)
    0x08007050   0x08007050   0x00000108   Code   RO         3137    i.bsec_SensorStatusTracker_doStep  libalgobsec.lib(SensorStatusTracker.o)
    0x08007158   0x08007158   0x00000098   Code   RO         3139    i.bsec_SensorStatusTracker_getState  libalgobsec.lib(SensorStatusTracker.o)
    0x080071f0   0x080071f0   0x0000000e   Code   RO         3140    i.bsec_SensorStatusTracker_resetRunInState  libalgobsec.lib(SensorStatusTracker.o)
    0x080071fe   0x080071fe   0x00000002   PAD
    0x08007200   0x08007200   0x00000060   Code   RO         3141    i.bsec_SensorStatusTracker_updateInterfaceDependency  libalgobsec.lib(SensorStatusTracker.o)
    0x08007260   0x08007260   0x00000038   Code   RO         3151    i.bsec_Serialization_checkSerializationHeader  libalgobsec.lib(Serialization.o)
    0x08007298   0x08007298   0x00000018   Code   RO         3152    i.bsec_Serialization_prepareSerializationHeader  libalgobsec.lib(Serialization.o)
    0x080072b0   0x080072b0   0x000001a4   Code   RO         2849    i.bsec_b_Bsec_setHyperConfiguration  libalgobsec.lib(Bsec.o)
    0x08007454   0x08007454   0x00000026   Code   RO         2850    i.bsec_b_Bsec_setHyperState  libalgobsec.lib(Bsec.o)
    0x0800747a   0x0800747a   0x0000002e   Code   RO         2888    i.bsec_b_ChannelHub_getInput  libalgobsec.lib(ChannelHub.o)
    0x080074a8   0x080074a8   0x00000060   Code   RO         2889    i.bsec_b_ChannelHub_setOutput  libalgobsec.lib(ChannelHub.o)
    0x08007508   0x08007508   0x0000001a   Code   RO         3161    i.bsec_b_Channel_reset  libalgobsec.lib(Channel.o)
    0x08007522   0x08007522   0x00000022   Code   RO         2928    i.bsec_b_Entity_parseAndDeserialize  libalgobsec.lib(Entity.o)
    0x08007544   0x08007544   0x00000030   Code   RO         2929    i.bsec_b_Entity_serializeAndAdd  libalgobsec.lib(Entity.o)
    0x08007574   0x08007574   0x00000010   Code   RO         3167    i.bsec_b_ExpSmoothingBsec_ExpSmoothingBsec  libalgobsec.lib(ExpSmoothingBsec.o)
    0x08007584   0x08007584   0x000000aa   Code   RO         3031    i.bsec_b_GasEstimator_applyTransferFunction  libalgobsec.lib(GasEstimator.o)
    0x0800762e   0x0800762e   0x00000094   Code   RO         3032    i.bsec_b_GasEstimator_softmaxApply  libalgobsec.lib(GasEstimator.o)
    0x080076c2   0x080076c2   0x000000c4   Code   RO         3062    i.bsec_b_GasHumidityBaselineTracker_setState  libalgobsec.lib(GasHumidityBaselineTracker.o)
    0x08007786   0x08007786   0x0000007e   Code   RO         3113    i.bsec_b_IaqEstimator_setState  libalgobsec.lib(IaqEstimator.o)
    0x08007804   0x08007804   0x000000aa   Code   RO         3142    i.bsec_b_SensorStatusTracker_setState  libalgobsec.lib(SensorStatusTracker.o)
    0x080078ae   0x080078ae   0x0000002e   Code   RO         2891    i.bsec_c_ChannelHub_getInput  libalgobsec.lib(ChannelHub.o)
    0x080078dc   0x080078dc   0x00000058   Code   RO         2892    i.bsec_c_ChannelHub_setOutput  libalgobsec.lib(ChannelHub.o)
    0x08007934   0x08007934   0x00000018   Code   RO         2930    i.bsec_c_Entity_parseAndDeserialize  libalgobsec.lib(Entity.o)
    0x0800794c   0x0800794c   0x0000002a   Code   RO         2931    i.bsec_c_Entity_serializeAndAdd  libalgobsec.lib(Entity.o)
    0x08007976   0x08007976   0x00000044   Code   RO         3033    i.bsec_c_GasEstimator_matMultVec  libalgobsec.lib(GasEstimator.o)
    0x080079ba   0x080079ba   0x00000002   PAD
    0x080079bc   0x080079bc   0x000002f0   Code   RO         2812    i.bsec_codegen_do_steps  libalgobsec.lib(bsec_codegen_do_steps.o)
    0x08007cac   0x08007cac   0x00000084   Code   RO         2816    i.bsec_codegen_get_state  libalgobsec.lib(bsec_codegen_get_state.o)
    0x08007d30   0x08007d30   0x00000010   Code   RO         2818    i.bsec_codegen_get_version  libalgobsec.lib(bsec_codegen_get_version.o)
    0x08007d40   0x08007d40   0x00000008   Code   RO         2820    i.bsec_codegen_init  libalgobsec.lib(bsec_codegen_init.o)
    0x08007d48   0x08007d48   0x00000608   Code   RO         2824    i.bsec_codegen_sensor_control  libalgobsec.lib(bsec_codegen_sensor_control.o)
    0x08008350   0x08008350   0x00000096   Code   RO         2828    i.bsec_codegen_set_configuration  libalgobsec.lib(bsec_codegen_set_configuration.o)
    0x080083e6   0x080083e6   0x0000007e   Code   RO         2830    i.bsec_codegen_set_state  libalgobsec.lib(bsec_codegen_set_state.o)
    0x08008464   0x08008464   0x000003a8   Code   RO         2832    i.bsec_codegen_update_subscription  libalgobsec.lib(bsec_codegen_update_subscription.o)
    0x0800880c   0x0800880c   0x00000018   Code   RO         2920    i.bsec_constructor_bsec  libalgobsec.lib(constructor_bsec.o)
    0x08008824   0x08008824   0x000000bc   Code   RO         3170    i.bsec_convertHumidity  libalgobsec.lib(convertHumidity.o)
    0x080088e0   0x080088e0   0x000000a6   Code   RO         2851    i.bsec_convert_to_enum_OutputIdentifier  libalgobsec.lib(Bsec.o)
    0x08008986   0x08008986   0x00000002   PAD
    0x08008988   0x08008988   0x00000034   Code   RO         3155    i.bsec_crcCcitt2    libalgobsec.lib(crcCcitt2.o)
    0x080089bc   0x080089bc   0x00000016   Code   RO         2932    i.bsec_d_Entity_parseAndDeserialize  libalgobsec.lib(Entity.o)
    0x080089d2   0x080089d2   0x0000002e   Code   RO         2933    i.bsec_d_Entity_serializeAndAdd  libalgobsec.lib(Entity.o)
    0x08008a00   0x08008a00   0x00000018   Code   RO         2790    i.bsec_do_steps_m   libalgobsec.lib(bsec_interface_multi.o)
    0x08008a18   0x08008a18   0x00000024   Code   RO         2934    i.bsec_e_Entity_parseAndDeserialize  libalgobsec.lib(Entity.o)
    0x08008a3c   0x08008a3c   0x0000003e   Code   RO         2935    i.bsec_e_Entity_serializeAndAdd  libalgobsec.lib(Entity.o)
    0x08008a7a   0x08008a7a   0x00000012   Code   RO         2936    i.bsec_f_Entity_parseAndDeserialize  libalgobsec.lib(Entity.o)
    0x08008a8c   0x08008a8c   0x00000020   Code   RO         2937    i.bsec_f_Entity_serializeAndAdd  libalgobsec.lib(Entity.o)
    0x08008aac   0x08008aac   0x00000020   Code   RO         2938    i.bsec_g_Entity_parseAndDeserialize  libalgobsec.lib(Entity.o)
    0x08008acc   0x08008acc   0x00000030   Code   RO         2939    i.bsec_g_Entity_serializeAndAdd  libalgobsec.lib(Entity.o)
    0x08008afc   0x08008afc   0x00000048   Code   RO         3158    i.bsec_getSensorRange  libalgobsec.lib(getSensorRange.o)
    0x08008b44   0x08008b44   0x00000026   Code   RO         2793    i.bsec_get_state_m  libalgobsec.lib(bsec_interface_multi.o)
    0x08008b6a   0x08008b6a   0x0000000a   Code   RO         2794    i.bsec_get_version_m  libalgobsec.lib(bsec_interface_multi.o)
    0x08008b74   0x08008b74   0x00000030   Code   RO         2940    i.bsec_h_Entity_parseAndDeserialize  libalgobsec.lib(Entity.o)
    0x08008ba4   0x08008ba4   0x0000001a   Code   RO         2941    i.bsec_h_Entity_serializeAndAdd  libalgobsec.lib(Entity.o)
    0x08008bbe   0x08008bbe   0x00000030   Code   RO         2942    i.bsec_i_Entity_parseAndDeserialize  libalgobsec.lib(Entity.o)
    0x08008bee   0x08008bee   0x0000003c   Code   RO         2943    i.bsec_i_Entity_serializeAndAdd  libalgobsec.lib(Entity.o)
    0x08008c2a   0x08008c2a   0x0000000a   Code   RO         2795    i.bsec_init_m       libalgobsec.lib(bsec_interface_multi.o)
    0x08008c34   0x08008c34   0x000000fc   Code   RO         2521    i.bsec_iot_init     bsec_integration.o
    0x08008d30   0x08008d30   0x00000214   Code   RO         2522    i.bsec_iot_loop     bsec_integration.o
    0x08008f44   0x08008f44   0x00000010   Code   RO         3172    i.bsec_isequal      libalgobsec.lib(isequal.o)
    0x08008f54   0x08008f54   0x00000034   Code   RO         2944    i.bsec_j_Entity_parseAndDeserialize  libalgobsec.lib(Entity.o)
    0x08008f88   0x08008f88   0x00000030   Code   RO         2946    i.bsec_k_Entity_parseAndDeserialize  libalgobsec.lib(Entity.o)
    0x08008fb8   0x08008fb8   0x00000030   Code   RO         2948    i.bsec_l_Entity_parseAndDeserialize  libalgobsec.lib(Entity.o)
    0x08008fe8   0x08008fe8   0x00000022   Code   RO         2950    i.bsec_m_Entity_parseAndDeserialize  libalgobsec.lib(Entity.o)
    0x0800900a   0x0800900a   0x0000002c   Code   RO         2952    i.bsec_n_Entity_parseAndDeserialize  libalgobsec.lib(Entity.o)
    0x08009036   0x08009036   0x00000030   Code   RO         2954    i.bsec_o_Entity_parseAndDeserialize  libalgobsec.lib(Entity.o)
    0x08009066   0x08009066   0x00000014   Code   RO         2956    i.bsec_p_Entity_parseAndDeserialize  libalgobsec.lib(Entity.o)
    0x0800907a   0x0800907a   0x0000002e   Code   RO         2958    i.bsec_q_Entity_parseAndDeserialize  libalgobsec.lib(Entity.o)
    0x080090a8   0x080090a8   0x00000034   Code   RO         2960    i.bsec_r_Entity_parseAndDeserialize  libalgobsec.lib(Entity.o)
    0x080090dc   0x080090dc   0x0000004a   Code   RO         2922    i.bsec_rem          libalgobsec.lib(rem.o)
    0x08009126   0x08009126   0x00000002   PAD
    0x08009128   0x08009128   0x0000008c   Code   RO         2923    i.bsec_rt_remd      libalgobsec.lib(rem.o)
    0x080091b4   0x080091b4   0x00000070   Code   RO         2918    i.bsec_rt_roundd    libalgobsec.lib(bsec_codegen_rtwutil.o)
    0x08009224   0x08009224   0x00000034   Code   RO         2962    i.bsec_s_Entity_parseAndDeserialize  libalgobsec.lib(Entity.o)
    0x08009258   0x08009258   0x00000016   Code   RO         2797    i.bsec_sensor_control_m  libalgobsec.lib(bsec_interface_multi.o)
    0x0800926e   0x0800926e   0x0000000c   Code   RO         2798    i.bsec_set_configuration_m  libalgobsec.lib(bsec_interface_multi.o)
    0x0800927a   0x0800927a   0x0000000c   Code   RO         2799    i.bsec_set_state_m  libalgobsec.lib(bsec_interface_multi.o)
    0x08009286   0x08009286   0x00000030   Code   RO         2964    i.bsec_t_Entity_parseAndDeserialize  libalgobsec.lib(Entity.o)
    0x080092b6   0x080092b6   0x00000030   Code   RO         2966    i.bsec_u_Entity_parseAndDeserialize  libalgobsec.lib(Entity.o)
    0x080092e6   0x080092e6   0x00000018   Code   RO         2800    i.bsec_update_subscription_m  libalgobsec.lib(bsec_interface_multi.o)
    0x080092fe   0x080092fe   0x00000002   PAD
    0x08009300   0x08009300   0x00000028   Code   RO           14    i.bus_read          main.o
    0x08009328   0x08009328   0x00000028   Code   RO           15    i.bus_write         main.o
    0x08009350   0x08009350   0x00000038   Code   RO         2631    i.calc_gas_resistance_high  bme68x.o
    0x08009388   0x08009388   0x000000c4   Code   RO         2632    i.calc_gas_resistance_low  bme68x.o
    0x0800944c   0x0800944c   0x00000020   Code   RO         2633    i.calc_gas_wait     bme68x.o
    0x0800946c   0x0800946c   0x00000104   Code   RO         2634    i.calc_humidity     bme68x.o
    0x08009570   0x08009570   0x000001b8   Code   RO         2635    i.calc_pressure     bme68x.o
    0x08009728   0x08009728   0x000000fc   Code   RO         2636    i.calc_res_heat     bme68x.o
    0x08009824   0x08009824   0x00000090   Code   RO         2637    i.calc_temperature  bme68x.o
    0x080098b4   0x080098b4   0x000000c8   Code   RO         3175    i.ceil              m_ps.l(ceil.o)
    0x0800997c   0x0800997c   0x00000014   Code   RO           16    i.config_load       main.o
    0x08009990   0x08009990   0x00000044   Code   RO           17    i.debug_print       main.o
    0x080099d4   0x080099d4   0x00000158   Code   RO         3179    i.expf              m_ps.l(expf.o)
    0x08009b2c   0x08009b2c   0x000000c8   Code   RO         3189    i.floor             m_ps.l(floor.o)
    0x08009bf4   0x08009bf4   0x00000070   Code   RO         3193    i.floorf            m_ps.l(floorf.o)
    0x08009c64   0x08009c64   0x00000026   Code   RO         3252    i.fmaxf             m_ps.l(fmaxf.o)
    0x08009c8a   0x08009c8a   0x00000026   Code   RO         3254    i.fminf             m_ps.l(fminf.o)
    0x08009cb0   0x08009cb0   0x00000094   Code   RO         3197    i.fmod              m_ps.l(fmod.o)
    0x08009d44   0x08009d44   0x00000012   Code   RO         3635    i.fputc             mc_p.l(fputc.o)
    0x08009d56   0x08009d56   0x00000002   PAD
    0x08009d58   0x08009d58   0x00000050   Code   RO         2523    i.getData           bsec_integration.o
    0x08009da8   0x08009da8   0x00000024   Code   RO         2524    i.getMeasDur        bsec_integration.o
    0x08009dcc   0x08009dcc   0x00000114   Code   RO         2638    i.get_calib_data    bme68x.o
    0x08009ee0   0x08009ee0   0x00000032   Code   RO         2639    i.get_mem_page      bme68x.o
    0x08009f12   0x08009f12   0x00000002   PAD
    0x08009f14   0x08009f14   0x00000038   Code   RO           18    i.get_timestamp_us  main.o
    0x08009f4c   0x08009f4c   0x000001a4   Code   RO         3205    i.log10f            m_ps.l(log10f.o)
    0x0800a0f0   0x0800a0f0   0x0000017c   Code   RO         3215    i.logf              m_ps.l(logf.o)
    0x0800a26c   0x0800a26c   0x000001c8   Code   RO           19    i.main              main.o
    0x0800a434   0x0800a434   0x00000020   Code   RO         2640    i.null_ptr_check    bme68x.o
    0x0800a454   0x0800a454   0x00000100   Code   RO           20    i.output_ready      main.o
    0x0800a554   0x0800a554   0x00000620   Code   RO         3225    i.powf              m_ps.l(powf.o)
    0x0800ab74   0x0800ab74   0x000000e8   Code   RO         2525    i.processData       bsec_integration.o
    0x0800ac5c   0x0800ac5c   0x00000196   Code   RO         2641    i.read_all_field_data  bme68x.o
    0x0800adf2   0x0800adf2   0x00000002   PAD
    0x0800adf4   0x0800adf4   0x00000188   Code   RO         2642    i.read_field_data   bme68x.o
    0x0800af7c   0x0800af7c   0x0000000a   Code   RO         2825    i.rem_uint16_t      libalgobsec.lib(bsec_codegen_sensor_control.o)
    0x0800af86   0x0800af86   0x0000000a   Code   RO         2852    i.rem_uint16_t      libalgobsec.lib(Bsec.o)
    0x0800af90   0x0800af90   0x00000074   Code   RO         3256    i.roundf            m_ps.l(roundf.o)
    0x0800b004   0x0800b004   0x00000074   Code   RO         2526    i.setBme68xConfigForced  bsec_integration.o
    0x0800b078   0x0800b078   0x00000098   Code   RO         2527    i.setBme68xConfigParallel  bsec_integration.o
    0x0800b110   0x0800b110   0x00000178   Code   RO         2643    i.set_conf          bme68x.o
    0x0800b288   0x0800b288   0x00000068   Code   RO         2644    i.set_mem_page      bme68x.o
    0x0800b2f0   0x0800b2f0   0x00000184   Code   RO         3235    i.sinf              m_ps.l(sinf.o)
    0x0800b474   0x0800b474   0x0000001a   Code   RO           21    i.sleep_n           main.o
    0x0800b48e   0x0800b48e   0x0000002c   Code   RO         3243    i.sqrtf             m_ps.l(sqrtf.o)
    0x0800b4ba   0x0800b4ba   0x00000004   Code   RO           22    i.state_load        main.o
    0x0800b4be   0x0800b4be   0x00000002   Code   RO           23    i.state_save        main.o
    0x0800b4c0   0x0800b4c0   0x00000010   Code   RO         2645    i.swap_fields       bme68x.o
    0x0800b4d0   0x0800b4d0   0x00000064   Code   RO         3250    i.trunc             m_ps.l(trunc.o)
    0x0800b534   0x0800b534   0x00000019   Data   RO         2488    .constdata          system_stm32l0xx.o
    0x0800b54d   0x0800b54d   0x00000008   Data   RO         2489    .constdata          system_stm32l0xx.o
    0x0800b555   0x0800b555   0x0000080f   Data   RO         2604    .constdata          bsec_selectivity.o
    0x0800bd64   0x0800bd64   0x00000080   Data   RO         2646    .constdata          bme68x.o
    0x0800bde4   0x0800bde4   0x00000076   Data   RO         2853    .constdata          libalgobsec.lib(Bsec.o)
    0x0800be5a   0x0800be5a   0x00000002   PAD
    0x0800be5c   0x0800be5c   0x00000050   Data   RO         2893    .constdata          libalgobsec.lib(ChannelHub.o)
    0x0800beac   0x0800beac   0x0000001e   Data   RO         2914    .constdata          libalgobsec.lib(bsec_codegen_data.o)
    0x0800beca   0x0800beca   0x0000003c   Data   RO         2915    .constdata          libalgobsec.lib(bsec_codegen_data.o)
    0x0800bf06   0x0800bf06   0x00000002   PAD
    0x0800bf08   0x0800bf08   0x00000078   Data   RO         2916    .constdata          libalgobsec.lib(bsec_codegen_data.o)
    0x0800bf80   0x0800bf80   0x00000018   Data   RO         2917    .constdata          libalgobsec.lib(bsec_codegen_data.o)
    0x0800bf98   0x0800bf98   0x0000001c   Data   RO         3063    .constdata          libalgobsec.lib(GasHumidityBaselineTracker.o)
    0x0800bfb4   0x0800bfb4   0x00000050   Data   RO         3128    .constdata          libalgobsec.lib(SensorHeatCompensator.o)
    0x0800c004   0x0800c004   0x00000200   Data   RO         3156    .constdata          libalgobsec.lib(crcCcitt2.o)
    0x0800c204   0x0800c204   0x00000030   Data   RO         3180    .constdata          m_ps.l(expf.o)
    0x0800c234   0x0800c234   0x00000040   Data   RO         3206    .constdata          m_ps.l(log10f.o)
    0x0800c274   0x0800c274   0x00000040   Data   RO         3216    .constdata          m_ps.l(logf.o)
    0x0800c2b4   0x0800c2b4   0x00000140   Data   RO         3226    .constdata          m_ps.l(powf.o)
    0x0800c3f4   0x0800c3f4   0x00000020   Data   RO         3617    .constdata          m_ps.l(rredf.o)
    0x0800c414   0x0800c414   0x00000146   Data   RO           25    .conststring        main.o
    0x0800c55a   0x0800c55a   0x00000002   PAD
    0x0800c55c   0x0800c55c   0x00000020   Data   RO         3678    Region$$Table       anon$$obj.o


    Execution Region RW_IRAM1 (Exec base: 0x20000000, Load base: 0x0800c57c, Size: 0x00002e88, Max: 0x00005000, ABSOLUTE)

    Exec Addr    Load Addr    Size         Type   Attr      Idx    E Section Name        Object

    0x20000000   0x0800c57c   0x0000000c   Data   RW           26    .data               main.o
    0x2000000c   0x0800c588   0x0000000c   Data   RW          939    .data               stm32l0xx_hal.o
    0x20000018   0x0800c594   0x00000004   Data   RW         2490    .data               system_stm32l0xx.o
    0x2000001c   0x0800c598   0x0000000d   Data   RW         2530    .data               bsec_integration.o
    0x20000029   0x0800c5a5   0x00000003   PAD
    0x2000002c   0x0800c5a8   0x00000004   Data   RW         3637    .data               mc_p.l(stdout.o)
    0x20000030   0x0800c5ac   0x00000004   Data   RW         3647    .data               mc_p.l(errno.o)
    0x20000034        -       0x00000cc8   Zero   RW           24    .bss                main.o
    0x20000cfc        -       0x00000054   Zero   RW          262    .bss                i2c.o
    0x20000d50        -       0x00000088   Zero   RW          300    .bss                usart.o
    0x20000dd8        -       0x000000ac   Zero   RW         2528    .bss                bsec_integration.o
    0x20000e84   0x0800c5b0   0x00000004   PAD
    0x20000e88        -       0x00002000   Zero   RW            1    STACK               startup_stm32l010xb.o


==============================================================================

Image component sizes


      Code (inc. data)   RO Data    RW Data    ZI Data      Debug   Object Name

      4620        132        128          0          0      23084   bme68x.o
      1808        224          0         13        172      11497   bsec_integration.o
         0          0       2063          0          0        562   bsec_selectivity.o
        24          4          0          0          0        715   gpio.o
       180         20          0          0         84       1545   i2c.o
      1164        282        326         12       3272     299651   main.o
        88         38        192          0       8192        632   startup_stm32l010xb.o
       172         28          0         12          0       7937   stm32l0xx_hal.o
       124         18          0          0          0       9788   stm32l0xx_hal_cortex.o
        26          0          0          0          0         72   stm32l0xx_hal_dma.o
         0          0          0          0          0       2452   stm32l0xx_hal_flash.o
       444         32          0          0          0       1460   stm32l0xx_hal_gpio.o
      1668         38          0          0          0      11762   stm32l0xx_hal_i2c.o
       146          0          0          0          0       1855   stm32l0xx_hal_i2c_ex.o
        24          4          0          0          0        426   stm32l0xx_hal_msp.o
      1670         90          0          0          0       5436   stm32l0xx_hal_rcc.o
       344         14          0          0          0       1396   stm32l0xx_hal_rcc_ex.o
      1406         58          0          0          0       8109   stm32l0xx_hal_uart.o
        16          0          0          0          0       2067   stm32l0xx_it.o
         2          0         33          4          0       1127   system_stm32l0xx.o
       148         18          0          0        136       1566   usart.o

    ----------------------------------------------------------------------
     14094       1000       2776         44      11860     393139   Object Totals
         0          0         32          0          0          0   (incl. Generated)
        20          0          2          3          4          0   (incl. Padding)

    ----------------------------------------------------------------------

      Code (inc. data)   RO Data    RW Data    ZI Data      Debug   Library Member Name

      2988        190        118          0          0       1280   Bsec.o
        70          8          0          0          0        136   Channel.o
      3342        168         80          0          0       1340   ChannelHub.o
      1248          0          0          0          0       2224   Entity.o
       192          6          0          0          0         76   ExpSmoothing.o
        40          0          0          0          0        120   ExpSmoothingBsec.o
      2896         72          0          0          0       1120   GasEstimator.o
      3004        232         28          0          0       1016   GasHumidityBaselineTracker.o
       458         10          0          0          0        456   GasHumidityPreProcessor.o
       444         24          0          0          0        456   HumidityTemperatureCorrector.o
       854         92          0          0          0        516   IaqEstimator.o
       610         20         80          0          0        396   SensorHeatCompensator.o
       828         54          0          0          0        524   SensorStatusTracker.o
        80          0          0          0          0        140   Serialization.o
         0          0        234          0          0          0   bsec_codegen_data.o
       752         22          0          0          0         84   bsec_codegen_do_steps.o
       132          4          0          0          0         80   bsec_codegen_get_state.o
        16          0          0          0          0         60   bsec_codegen_get_version.o
         8          0          0          0          0         68   bsec_codegen_init.o
       112         14          0          0          0         72   bsec_codegen_rtwutil.o
      1554         80          0          0          0        156   bsec_codegen_sensor_control.o
       150          0          0          0          0         80   bsec_codegen_set_configuration.o
       126          0          0          0          0         80   bsec_codegen_set_state.o
       936         60          0          0          0         84   bsec_codegen_update_subscription.o
       152          0          0          0          0        576   bsec_interface_multi.o
        24          0          0          0          0         68   constructor_bsec.o
       188         12          0          0          0         80   convertHumidity.o
        52         10        512          0          0         76   crcCcitt2.o
        72         28          0          0          0         76   getSensorRange.o
        16          0          0          0          0         60   isequal.o
       214          6          0          0          0        164   rem.o
       200         20          0          0          0         76   ceil.o
        16          0          0          0          0         68   dunder.o
       344         50         48          0          0         76   expf.o
       200         20          0          0          0         76   floor.o
       112         14          0          0          0         76   floorf.o
        38          0          0          0          0         72   fmaxf.o
        38          0          0          0          0         72   fminf.o
       148          4          0          0          0         72   fmod.o
        34          0          0          0          0         60   fpclassifyf.o
        72          0          0          0          0        408   funder.o
       420         52         64          0          0         76   log10f.o
       380         42         64          0          0         76   logf.o
      1568         92        320          0          0        172   powf.o
       116          0          0          0          0         72   roundf.o
       384         18         32          0          0         88   rredf.o
       388         58          0          0          0        104   sinf.o
        44          0          0          0          0         72   sqrtf.o
       100          4          0          0          0         76   trunc.o
         0          0          0          0          0          0   entry.o
         0          0          0          0          0          0   entry10a.o
         0          0          0          0          0          0   entry11a.o
         4          0          0          0          0          0   entry12b.o
         8          4          0          0          0          0   entry2.o
         4          0          0          0          0          0   entry5.o
         0          0          0          0          0          0   entry7b.o
         0          0          0          0          0          0   entry8b.o
         8          4          0          0          0          0   entry9a.o
        12          6          0          4          0         60   errno.o
        18          0          0          0          0         72   fputc.o
        30          0          0          0          0          0   handlers.o
        36          8          0          0          0         68   init.o
         0          0          0          0          0          0   iusefp.o
         0          0          0          0          0          0   iusesemip.o
        76          0          0          0          0         76   ldiv.o
       122          0          0          0          0         84   llmul.o
        32          0          0          0          0         68   llshl.o
        38          0          0          0          0         68   llsshr.o
        34          0          0          0          0         68   llushr.o
        36          0          0          0          0         60   memcpya.o
        36          0          0          0          0        100   memseta.o
      2302        104          0          0          0        544   printfa.o
         0          0          0          0          0          0   semi.o
         0          0          0          4          0          0   stdout.o
        14          0          0          0          0         60   strlen.o
        44          0          0          0          0         72   uidiv.o
        96          0          0          0          0         84   uldiv.o
        40          2          0          0          0         68   cdcmple.o
        40          2          0          0          0         68   cdrcmple.o
        20          0          0          0          0         68   cfcmple.o
        20          0          0          0          0         68   cfrcmple.o
        56          0          0          0          0         68   d2f.o
       360          6          0          0          0        140   dadd.o
       240          6          0          0          0         84   ddiv.o
       236          0          0          0          0        216   depilogue.o
        72         10          0          0          0         72   dfixi.o
        80          8          0          0          0         72   dfixl.o
        60         10          0          0          0         68   dfixui.o
        64         10          0          0          0         68   dfixul.o
        44          6          0          0          0         72   dfltl.o
        28          4          0          0          0         68   dfltui.o
       208          6          0          0          0         88   dmul.o
       130          0          0          0          0         84   drem.o
       124         10          0          0          0         76   drnd.o
        44          0          0          0          0         72   dscalb.o
        40          0          0          0          0         60   f2d.o
       178          0          0          0          0        108   fadd.o
        56          8          0          0          0         60   fcmp4.o
       124          0          0          0          0         72   fdiv.o
       130          0          0          0          0        144   fepilogue.o
        50          0          0          0          0         60   ffixi.o
        76          0          0          0          0         68   ffixir.o
        40          0          0          0          0         60   ffixui.o
        22          0          0          0          0         68   fflti.o
        44          0          0          0          0         72   ffltl.o
        14          0          0          0          0         68   ffltui.o
       122          0          0          0          0         72   fmul.o
         4          0          0          0          0         60   fpstat.o
        62          0          0          0          0         68   frnd.o
        24          0          0          0          0         60   fscalb.o
        88          0          0          0          0         72   fsqrt.o

    ----------------------------------------------------------------------
     32102       1700       1584          8          0      17632   Library Totals
        52          0          4          0          0          0   (incl. Padding)

    ----------------------------------------------------------------------

      Code (inc. data)   RO Data    RW Data    ZI Data      Debug   Library Name

     21558       1112       1052          0          0      11664   libalgobsec.lib
      4602        374        528          0          0       1792   m_ps.l
      2950        126          0          8          0       1484   mc_p.l
      2940         88          0          0          0       2692   mf_p.l

    ----------------------------------------------------------------------
     32102       1700       1584          8          0      17632   Library Totals

    ----------------------------------------------------------------------

==============================================================================


      Code (inc. data)   RO Data    RW Data    ZI Data      Debug   

     46196       2700       4360         52      11860     396547   Grand Totals
     46196       2700       4360         52      11860     396547   ELF Image Totals
     46196       2700       4360         52          0          0   ROM Totals

==============================================================================

    Total RO  Size (Code + RO Data)                50556 (  49.37kB)
    Total RW  Size (RW Data + ZI Data)             11912 (  11.63kB)
    Total ROM Size (Code + RO Data + RW Data)      50608 (  49.42kB)

==============================================================================

